Component: ARM Compiler 5.06 update 4 (build 422) Tool: armlink [4d35d2]

==============================================================================

Section Cross References

    startup_stm32f767xx.o(RESET) refers to startup_stm32f767xx.o(STACK) for __initial_sp
    startup_stm32f767xx.o(RESET) refers to startup_stm32f767xx.o(.text) for Reset_Handler
    startup_stm32f767xx.o(RESET) refers to stm32f7xx_it.o(i.NMI_Handler) for NMI_Handler
    startup_stm32f767xx.o(RESET) refers to stm32f7xx_it.o(i.HardFault_Handler) for HardFault_Handler
    startup_stm32f767xx.o(RESET) refers to stm32f7xx_it.o(i.MemManage_Handler) for MemManage_Handler
    startup_stm32f767xx.o(RESET) refers to stm32f7xx_it.o(i.BusFault_Handler) for BusFault_Handler
    startup_stm32f767xx.o(RESET) refers to stm32f7xx_it.o(i.UsageFault_Handler) for UsageFault_Handler
    startup_stm32f767xx.o(RESET) refers to port.o(.emb_text) for SVC_Handler
    startup_stm32f767xx.o(RESET) refers to stm32f7xx_it.o(i.DebugMon_Handler) for DebugMon_Handler
    startup_stm32f767xx.o(RESET) refers to systemdelay.o(i.SysTick_Handler) for SysTick_Handler
    startup_stm32f767xx.o(RESET) refers to systemuartinit.o(i.USART1_IRQHandler) for USART1_IRQHandler
    startup_stm32f767xx.o(RESET) refers to stm32f7xx_it.o(i.OTG_FS_IRQHandler) for OTG_FS_IRQHandler
    startup_stm32f767xx.o(.text) refers to system_stm32f7xx.o(i.SystemInit) for SystemInit
    startup_stm32f767xx.o(.text) refers to entry.o(.ARM.Collect$$$$00000000) for __main
    stm32f7xx_hal.o(i.HAL_DeInit) refers to stm32f7xx_hal_msp.o(i.HAL_MspDeInit) for HAL_MspDeInit
    stm32f7xx_hal.o(i.HAL_Delay) refers to stm32f7xx_hal.o(i.HAL_GetTick) for HAL_GetTick
    stm32f7xx_hal.o(i.HAL_Delay) refers to stm32f7xx_hal.o(.data) for .data
    stm32f7xx_hal.o(i.HAL_GetTick) refers to stm32f7xx_hal.o(.data) for .data
    stm32f7xx_hal.o(i.HAL_GetTickFreq) refers to stm32f7xx_hal.o(.data) for .data
    stm32f7xx_hal.o(i.HAL_GetTickPrio) refers to stm32f7xx_hal.o(.data) for .data
    stm32f7xx_hal.o(i.HAL_IncTick) refers to stm32f7xx_hal.o(.data) for .data
    stm32f7xx_hal.o(i.HAL_Init) refers to stm32f7xx_hal_cortex.o(i.HAL_NVIC_SetPriorityGrouping) for HAL_NVIC_SetPriorityGrouping
    stm32f7xx_hal.o(i.HAL_Init) refers to stm32f7xx_hal.o(i.HAL_InitTick) for HAL_InitTick
    stm32f7xx_hal.o(i.HAL_Init) refers to stm32f7xx_hal_msp.o(i.HAL_MspInit) for HAL_MspInit
    stm32f7xx_hal.o(i.HAL_InitTick) refers to stm32f7xx_hal_cortex.o(i.HAL_SYSTICK_Config) for HAL_SYSTICK_Config
    stm32f7xx_hal.o(i.HAL_InitTick) refers to stm32f7xx_hal_cortex.o(i.HAL_NVIC_SetPriority) for HAL_NVIC_SetPriority
    stm32f7xx_hal.o(i.HAL_InitTick) refers to stm32f7xx_hal.o(.data) for .data
    stm32f7xx_hal.o(i.HAL_InitTick) refers to system_stm32f7xx.o(.data) for SystemCoreClock
    stm32f7xx_hal.o(i.HAL_SetTickFreq) refers to stm32f7xx_hal.o(i.HAL_InitTick) for HAL_InitTick
    stm32f7xx_hal.o(i.HAL_SetTickFreq) refers to stm32f7xx_hal.o(.data) for .data
    stm32f7xx_hal_adc.o(i.ADC_DMAConvCplt) refers to stm32f7xx_hal_adc.o(i.HAL_ADC_ConvCpltCallback) for HAL_ADC_ConvCpltCallback
    stm32f7xx_hal_adc.o(i.ADC_DMAError) refers to stm32f7xx_hal_adc.o(i.HAL_ADC_ErrorCallback) for HAL_ADC_ErrorCallback
    stm32f7xx_hal_adc.o(i.ADC_DMAHalfConvCplt) refers to stm32f7xx_hal_adc.o(i.HAL_ADC_ConvHalfCpltCallback) for HAL_ADC_ConvHalfCpltCallback
    stm32f7xx_hal_adc.o(i.HAL_ADC_ConfigChannel) refers to system_stm32f7xx.o(.data) for SystemCoreClock
    stm32f7xx_hal_adc.o(i.HAL_ADC_DeInit) refers to stm32f7xx_hal_adc.o(i.HAL_ADC_MspDeInit) for HAL_ADC_MspDeInit
    stm32f7xx_hal_adc.o(i.HAL_ADC_IRQHandler) refers to stm32f7xx_hal_adc.o(i.HAL_ADC_ConvCpltCallback) for HAL_ADC_ConvCpltCallback
    stm32f7xx_hal_adc.o(i.HAL_ADC_IRQHandler) refers to stm32f7xx_hal_adc_ex.o(i.HAL_ADCEx_InjectedConvCpltCallback) for HAL_ADCEx_InjectedConvCpltCallback
    stm32f7xx_hal_adc.o(i.HAL_ADC_IRQHandler) refers to stm32f7xx_hal_adc.o(i.HAL_ADC_LevelOutOfWindowCallback) for HAL_ADC_LevelOutOfWindowCallback
    stm32f7xx_hal_adc.o(i.HAL_ADC_IRQHandler) refers to stm32f7xx_hal_adc.o(i.HAL_ADC_ErrorCallback) for HAL_ADC_ErrorCallback
    stm32f7xx_hal_adc.o(i.HAL_ADC_Init) refers to stm32f7xx_hal_adc.o(i.HAL_ADC_MspInit) for HAL_ADC_MspInit
    stm32f7xx_hal_adc.o(i.HAL_ADC_Init) refers to stm32f7xx_hal_adc.o(i.ADC_Init) for ADC_Init
    stm32f7xx_hal_adc.o(i.HAL_ADC_PollForConversion) refers to stm32f7xx_hal.o(i.HAL_GetTick) for HAL_GetTick
    stm32f7xx_hal_adc.o(i.HAL_ADC_PollForEvent) refers to stm32f7xx_hal.o(i.HAL_GetTick) for HAL_GetTick
    stm32f7xx_hal_adc.o(i.HAL_ADC_Start) refers to system_stm32f7xx.o(.data) for SystemCoreClock
    stm32f7xx_hal_adc.o(i.HAL_ADC_Start_DMA) refers to stm32f7xx_hal_dma.o(i.HAL_DMA_Start_IT) for HAL_DMA_Start_IT
    stm32f7xx_hal_adc.o(i.HAL_ADC_Start_DMA) refers to system_stm32f7xx.o(.data) for SystemCoreClock
[...]
    STACK                                    0x2002c520   Section     1024  startup_stm32f767xx.o(STACK)

    Global Symbols

    Symbol Name                              Value     Ov Type        Size  Object(Section)

    BuildAttributes$$THM_ISAv4$E$P$D$K$B$S$7EM$VFPv5_D16$PE$PLD8$A:L22UL41UL21$X:L11$S22US41US21$IEEE1$IW$USESV6$~STKCKD$USESV7$~SHL$OSPACE$ROPI$EBA8$MICROLIB$REQ8$PRES8$EABIv2 0x00000000   Number         0  anon$$obj.o ABSOLUTE
    __ARM_use_no_argv                        0x00000000   Number         0  main.o ABSOLUTE
    __use_no_errno                           0x00000000   Number         0  useno.o ABSOLUTE
    __use_no_exception_handling              0x00000000   Number         0  useno.o ABSOLUTE
    __use_no_fp                              0x00000000   Number         0  useno.o ABSOLUTE
    __use_no_heap                            0x00000000   Number         0  useno.o ABSOLUTE
    __use_no_heap_region                     0x00000000   Number         0  useno.o ABSOLUTE
    __use_no_semihosting                     0x00000000   Number         0  useno.o ABSOLUTE
    __use_no_semihosting_swi                 0x00000000   Number         0  useno.o ABSOLUTE
    __use_no_signal_handling                 0x00000000   Number         0  useno.o ABSOLUTE
    _printf_a                                0x00000000   Number         0  stubs.o ABSOLUTE
    _printf_c                                0x00000000   Number         0  stubs.o ABSOLUTE
    _printf_charcount                        0x00000000   Number         0  stubs.o ABSOLUTE
    _printf_d                                0x00000000   Number         0  stubs.o ABSOLUTE
    _printf_e                                0x00000000   Number         0  stubs.o ABSOLUTE
    _printf_f                                0x00000000   Number         0  stubs.o ABSOLUTE
    _printf_flags                            0x00000000   Number         0  stubs.o ABSOLUTE
    _printf_fp_dec                           0x00000000   Number         0  stubs.o ABSOLUTE
    _printf_fp_hex                           0x00000000   Number         0  stubs.o ABSOLUTE
    _printf_g                                0x00000000   Number         0  stubs.o ABSOLUTE
    _printf_i                                0x00000000   Number         0  stubs.o ABSOLUTE
    _printf_int_dec                          0x00000000   Number         0  stubs.o ABSOLUTE
    _printf_l                                0x00000000   Number         0  stubs.o ABSOLUTE
    _printf_lc                               0x00000000   Number         0  stubs.o ABSOLUTE
    _printf_ll                               0x00000000   Number         0  stubs.o ABSOLUTE
    _printf_lld                              0x00000000   Number         0  stubs.o ABSOLUTE
    _printf_lli                              0x00000000   Number         0  stubs.o ABSOLUTE
    _printf_llo                              0x00000000   Number         0  stubs.o ABSOLUTE
    _printf_llu                              0x00000000   Number         0  stubs.o ABSOLUTE
    _printf_llx                              0x00000000   Number         0  stubs.o ABSOLUTE
    _printf_longlong_dec                     0x00000000   Number         0  stubs.o ABSOLUTE
    _printf_longlong_hex                     0x00000000   Number         0  stubs.o ABSOLUTE
    _printf_longlong_oct                     0x00000000   Number         0  stubs.o ABSOLUTE
    _printf_ls                               0x00000000   Number         0  stubs.o ABSOLUTE
    _printf_mbtowc                           0x00000000   Number         0  stubs.o ABSOLUTE
    _printf_n                                0x00000000   Number         0  stubs.o ABSOLUTE
    _printf_o                                0x00000000   Number         0  stubs.o ABSOLUTE
    _printf_p                                0x00000000   Number         0  stubs.o ABSOLUTE
    _printf_percent                          0x00000000   Number         0  stubs.o ABSOLUTE
    _printf_pre_padding                      0x00000000   Number         0  stubs.o ABSOLUTE
    _printf_return_value                     0x00000000   Number         0  stubs.o ABSOLUTE
    _printf_s                                0x00000000   Number         0  stubs.o ABSOLUTE
    _printf_sizespec                         0x00000000   Number         0  stubs.o ABSOLUTE
    _printf_str                              0x00000000   Number         0  stubs.o ABSOLUTE
    _printf_truncate_signed                  0x00000000   Number         0  stubs.o ABSOLUTE
    _printf_truncate_unsigned                0x00000000   Number         0  stubs.o ABSOLUTE
    _printf_u                                0x00000000   Number         0  stubs.o ABSOLUTE
    _printf_wc                               0x00000000   Number         0  stubs.o ABSOLUTE
    _printf_wctomb                           0x00000000   Number         0  stubs.o ABSOLUTE
    _printf_widthprec                        0x00000000   Number         0  stubs.o ABSOLUTE
    _printf_x                                0x00000000   Number         0  stubs.o ABSOLUTE
    __cpp_initialize__aeabi_                  - Undefined Weak Reference
    __cxa_finalize                            - Undefined Weak Reference
    __decompress                              - Undefined Weak Reference
    _clock_init                               - Undefined Weak Reference
    _microlib_exit                            - Undefined Weak Reference
    __Vectors_Size                           0x000001f8   Number         0  startup_stm32f767xx.o ABSOLUTE
    __Vectors                                0x08000000   Data           4  startup_stm32f767xx.o(RESET)
    __Vectors_End                            0x080001f8   Data           0  startup_stm32f767xx.o(RESET)
    __main                                   0x080001f9   Thumb Code     0  entry.o(.ARM.Collect$$$$00000000)
    _main_stk                                0x080001f9   Thumb Code     0  entry2.o(.ARM.Collect$$$$00000001)
    _main_scatterload                        0x080001fd   Thumb Code     0  entry5.o(.ARM.Collect$$$$00000004)
    __main_after_scatterload                 0x08000201   Thumb Code     0  entry5.o(.ARM.Collect$$$$00000004)
    _main_clock                              0x08000201   Thumb Code     0  entry7b.o(.ARM.Collect$$$$00000008)
    _main_cpp_init                           0x08000201   Thumb Code     0  entry8b.o(.ARM.Collect$$$$0000000A)
    _main_init                               0x08000201   Thumb Code     0  entry9a.o(.ARM.Collect$$$$0000000B)
    __rt_final_cpp                           0x08000209   Thumb Code     0  entry10a.o(.ARM.Collect$$$$0000000D)
    __rt_final_exit                          0x08000209   Thumb Code     0  entry11a.o(.ARM.Collect$$$$0000000F)
    SVC_Handler                              0x0800020d   Thumb Code    28  port.o(.emb_text)
    __asm___6_port_c_39a90d8d__prvStartFirstTask 0x0800022d   Thumb Code    36  port.o(.emb_text)
    __asm___6_port_c_39a90d8d__prvEnableVFP  0x08000255   Thumb Code    16  port.o(.emb_text)
    PendSV_Handler                           0x08000269   Thumb Code    92  port.o(.emb_text)
    vPortGetIPSR                             0x080002c9   Thumb Code     6  port.o(.emb_text)
    Reset_Handler                            0x080002d1   Thumb Code     8  startup_stm32f767xx.o(.text)
    ADC_IRQHandler                           0x080002eb   Thumb Code     0  startup_stm32f767xx.o(.text)
    CAN1_RX0_IRQHandler                      0x080002eb   Thumb Code     0  startup_stm32f767xx.o(.text)
    CAN1_RX1_IRQHandler                      0x080002eb   Thumb Code     0  startup_stm32f767xx.o(.text)
    CAN1_SCE_IRQHandler                      0x080002eb   Thumb Code     0  startup_stm32f767xx.o(.text)
    CAN1_TX_IRQHandler                       0x080002eb   Thumb Code     0  startup_stm32f767xx.o(.text)
    CAN2_RX0_IRQHandler                      0x080002eb   Thumb Code     0  startup_stm32f767xx.o(.text)
    CAN2_RX1_IRQHandler                      0x080002eb   Thumb Code     0  startup_stm32f767xx.o(.text)
    CAN2_SCE_IRQHandler                      0x080002eb   Thumb Code     0  startup_stm32f767xx.o(.text)
    CAN2_TX_IRQHandler                       0x080002eb   Thumb Code     0  startup_stm32f767xx.o(.text)
    CAN3_RX0_IRQHandler                      0x080002eb   Thumb Code     0  startup_stm32f767xx.o(.text)
    CAN3_RX1_IRQHandler                      0x080002eb   Thumb Code     0  startup_stm32f767xx.o(.text)
    CAN3_SCE_IRQHandler                      0x080002eb   Thumb Code     0  startup_stm32f767xx.o(.text)
    CAN3_TX_IRQHandler                       0x080002eb   Thumb Code     0  startup_stm32f767xx.o(.text)
    CEC_IRQHandler                           0x080002eb   Thumb Code     0  startup_stm32f767xx.o(.text)
    DCMI_IRQHandler                          0x080002eb   Thumb Code     0  startup_stm32f767xx.o(.text)
    DFSDM1_FLT0_IRQHandler                   0x080002eb   Thumb Code     0  startup_stm32f767xx.o(.text)
    DFSDM1_FLT1_IRQHandler                   0x080002eb   Thumb Code     0  startup_stm32f767xx.o(.text)
    DFSDM1_FLT2_IRQHandler                   0x080002eb   Thumb Code     0  startup_stm32f767xx.o(.text)
    DFSDM1_FLT3_IRQHandler                   0x080002eb   Thumb Code     0  startup_stm32f767xx.o(.text)
    DMA1_Stream0_IRQHandler                  0x080002eb   Thumb Code     0  startup_stm32f767xx.o(.text)
    DMA1_Stream1_IRQHandler                  0x080002eb   Thumb Code     0  startup_stm32f767xx.o(.text)
    DMA1_Stream2_IRQHandler                  0x080002eb   Thumb Code     0  startup_stm32f767xx.o(.text)
    DMA1_Stream3_IRQHandler                  0x080002eb   Thumb Code     0  startup_stm32f767xx.o(.text)
    DMA1_Stream4_IRQHandler                  0x080002eb   Thumb Code     0  startup_stm32f767xx.o(.text)
    DMA1_Stream5_IRQHandler                  0x080002eb   Thumb Code     0  startup_stm32f767xx.o(.text)
    DMA1_Stream6_IRQHandler                  0x080002eb   Thumb Code     0  startup_stm32f767xx.o(.text)
    DMA1_Stream7_IRQHandler                  0x080002eb   Thumb Code     0  startup_stm32f767xx.o(.text)
    DMA2D_IRQHandler                         0x080002eb   Thumb Code     0  startup_stm32f767xx.o(.text)
    DMA2_Stream0_IRQHandler                  0x080002eb   Thumb Code     0  startup_stm32f767xx.o(.text)
    DMA2_Stream1_IRQHandler                  0x080002eb   Thumb Code     0  startup_stm32f767xx.o(.text)
    DMA2_Stream2_IRQHandler                  0x080002eb   Thumb Code     0  startup_stm32f767xx.o(.text)
    DMA2_Stream3_IRQHandler                  0x080002eb   Thumb Code     0  startup_stm32f767xx.o(.text)
    DMA2_Stream4_IRQHandler                  0x080002eb   Thumb Code     0  startup_stm32f767xx.o(.text)
    DMA2_Stream5_IRQHandler                  0x080002eb   Thumb Code     0  startup_stm32f767xx.o(.text)
    DMA2_Stream6_IRQHandler                  0x080002eb   Thumb Code     0  startup_stm32f767xx.o(.text)
    DMA2_Stream7_IRQHandler                  0x080002eb   Thumb Code     0  startup_stm32f767xx.o(.text)
    ETH_IRQHandler                           0x080002eb   Thumb Code     0  startup_stm32f767xx.o(.text)
    ETH_WKUP_IRQHandler                      0x080002eb   Thumb Code     0  startup_stm32f767xx.o(.text)
    EXTI0_IRQHandler                         0x080002eb   Thumb Code     0  startup_stm32f767xx.o(.text)
    EXTI15_10_IRQHandler                     0x080002eb   Thumb Code     0  startup_stm32f767xx.o(.text)
    EXTI1_IRQHandler                         0x080002eb   Thumb Code     0  startup_stm32f767xx.o(.text)
    EXTI2_IRQHandler                         0x080002eb   Thumb Code     0  startup_stm32f767xx.o(.text)
    EXTI3_IRQHandler                         0x080002eb   Thumb Code     0  startup_stm32f767xx.o(.text)
    EXTI4_IRQHandler                         0x080002eb   Thumb Code     0  startup_stm32f767xx.o(.text)
    EXTI9_5_IRQHandler                       0x080002eb   Thumb Code     0  startup_stm32f767xx.o(.text)
    FLASH_IRQHandler                         0x080002eb   Thumb Code     0  startup_stm32f767xx.o(.text)
    FMC_IRQHandler                           0x080002eb   Thumb Code     0  startup_stm32f767xx.o(.text)
    FPU_IRQHandler                           0x080002eb   Thumb Code     0  startup_stm32f767xx.o(.text)
    I2C1_ER_IRQHandler                       0x080002eb   Thumb Code     0  startup_stm32f767xx.o(.text)
    I2C1_EV_IRQHandler                       0x080002eb   Thumb Code     0  startup_stm32f767xx.o(.text)
    I2C2_ER_IRQHandler                       0x080002eb   Thumb Code     0  startup_stm32f767xx.o(.text)
    I2C2_EV_IRQHandler                       0x080002eb   Thumb Code     0  startup_stm32f767xx.o(.text)
    I2C3_ER_IRQHandler                       0x080002eb   Thumb Code     0  startup_stm32f767xx.o(.text)
    I2C3_EV_IRQHandler                       0x080002eb   Thumb Code     0  startup_stm32f767xx.o(.text)
    I2C4_ER_IRQHandler                       0x080002eb   Thumb Code     0  startup_stm32f767xx.o(.text)
    I2C4_EV_IRQHandler                       0x080002eb   Thumb Code     0  startup_stm32f767xx.o(.text)
    JPEG_IRQHandler                          0x080002eb   Thumb Code     0  startup_stm32f767xx.o(.text)
    LPTIM1_IRQHandler                        0x080002eb   Thumb Code     0  startup_stm32f767xx.o(.text)
    LTDC_ER_IRQHandler                       0x080002eb   Thumb Code     0  startup_stm32f767xx.o(.text)
    LTDC_IRQHandler                          0x080002eb   Thumb Code     0  startup_stm32f767xx.o(.text)
    MDIOS_IRQHandler                         0x080002eb   Thumb Code     0  startup_stm32f767xx.o(.text)
    OTG_FS_WKUP_IRQHandler                   0x080002eb   Thumb Code     0  startup_stm32f767xx.o(.text)
    OTG_HS_EP1_IN_IRQHandler                 0x080002eb   Thumb Code     0  startup_stm32f767xx.o(.text)
    OTG_HS_EP1_OUT_IRQHandler                0x080002eb   Thumb Code     0  startup_stm32f767xx.o(.text)
    OTG_HS_IRQHandler                        0x080002eb   Thumb Code     0  startup_stm32f767xx.o(.text)
    OTG_HS_WKUP_IRQHandler                   0x080002eb   Thumb Code     0  startup_stm32f767xx.o(.text)
    PVD_IRQHandler                           0x080002eb   Thumb Code     0  startup_stm32f767xx.o(.text)
    QUADSPI_IRQHandler                       0x080002eb   Thumb Code     0  startup_stm32f767xx.o(.text)
    RCC_IRQHandler                           0x080002eb   Thumb Code     0  startup_stm32f767xx.o(.text)
    RNG_IRQHandler                           0x080002eb   Thumb Code     0  startup_stm32f767xx.o(.text)
    RTC_Alarm_IRQHandler                     0x080002eb   Thumb Code     0  startup_stm32f767xx.o(.text)
    RTC_WKUP_IRQHandler                      0x080002eb   Thumb Code     0  startup_stm32f767xx.o(.text)
    SAI1_IRQHandler                          0x080002eb   Thumb Code     0  startup_stm32f767xx.o(.text)
    SAI2_IRQHandler                          0x080002eb   Thumb Code     0  startup_stm32f767xx.o(.text)
    SDMMC1_IRQHandler                        0x080002eb   Thumb Code     0  startup_stm32f767xx.o(.text)
    SDMMC2_IRQHandler                        0x080002eb   Thumb Code     0  startup_stm32f767xx.o(.text)
    SPDIF_RX_IRQHandler                      0x080002eb   Thumb Code     0  startup_stm32f767xx.o(.text)
    SPI1_IRQHandler                          0x080002eb   Thumb Code     0  startup_stm32f767xx.o(.text)
    SPI2_IRQHandler                          0x080002eb   Thumb Code     0  startup_stm32f767xx.o(.text)
    SPI3_IRQHandler                          0x080002eb   Thumb Code     0  startup_stm32f767xx.o(.text)
    SPI4_IRQHandler                          0x080002eb   Thumb Code     0  startup_stm32f767xx.o(.text)
    SPI5_IRQHandler                          0x080002eb   Thumb Code     0  startup_stm32f767xx.o(.text)
    SPI6_IRQHandler                          0x080002eb   Thumb Code     0  startup_stm32f767xx.o(.text)
    TAMP_STAMP_IRQHandler                    0x080002eb   Thumb Code     0  startup_stm32f767xx.o(.text)
    TIM1_BRK_TIM9_IRQHandler                 0x080002eb   Thumb Code     0  startup_stm32f767xx.o(.text)
    TIM1_CC_IRQHandler                       0x080002eb   Thumb Code     0  startup_stm32f767xx.o(.text)
    TIM1_TRG_COM_TIM11_IRQHandler            0x080002eb   Thumb Code     0  startup_stm32f767xx.o(.text)
    TIM1_UP_TIM10_IRQHandler                 0x080002eb   Thumb Code     0  startup_stm32f767xx.o(.text)
    TIM2_IRQHandler                          0x080002eb   Thumb Code     0  startup_stm32f767xx.o(.text)
    TIM3_IRQHandler                          0x080002eb   Thumb Code     0  startup_stm32f767xx.o(.text)
    TIM4_IRQHandler                          0x080002eb   Thumb Code     0  startup_stm32f767xx.o(.text)
    TIM5_IRQHandler                          0x080002eb   Thumb Code     0  startup_stm32f767xx.o(.text)
    TIM6_DAC_IRQHandler                      0x080002eb   Thumb Code     0  startup_stm32f767xx.o(.text)
    TIM7_IRQHandler                          0x080002eb   Thumb Code     0  startup_stm32f767xx.o(.text)
    TIM8_BRK_TIM12_IRQHandler                0x080002eb   Thumb Code     0  startup_stm32f767xx.o(.text)
    TIM8_CC_IRQHandler                       0x080002eb   Thumb Code     0  startup_stm32f767xx.o(.text)
    TIM8_TRG_COM_TIM14_IRQHandler            0x080002eb   Thumb Code     0  startup_stm32f767xx.o(.text)
    TIM8_UP_TIM13_IRQHandler                 0x080002eb   Thumb Code     0  startup_stm32f767xx.o(.text)
    UART4_IRQHandler                         0x080002eb   Thumb Code     0  startup_stm32f767xx.o(.text)
    UART5_IRQHandler                         0x080002eb   Thumb Code     0  startup_stm32f767xx.o(.text)
    UART7_IRQHandler                         0x080002eb   Thumb Code     0  startup_stm32f767xx.o(.text)
    UART8_IRQHandler                         0x080002eb   Thumb Code     0  startup_stm32f767xx.o(.text)
    USART2_IRQHandler                        0x080002eb   Thumb Code     0  startup_stm32f767xx.o(.text)
    USART3_IRQHandler                        0x080002eb   Thumb Code     0  startup_stm32f767xx.o(.text)
    USART6_IRQHandler                        0x080002eb   Thumb Code     0  startup_stm32f767xx.o(.text)
    WWDG_IRQHandler                          0x080002eb   Thumb Code     0  startup_stm32f767xx.o(.text)
    __aeabi_uldivmod                         0x080002f5   Thumb Code    98  uldiv.o(.text)
    __aeabi_memcpy                           0x08000357   Thumb Code    36  memcpya.o(.text)
    __aeabi_memcpy4                          0x08000357   Thumb Code     0  memcpya.o(.text)
    __aeabi_memcpy8                          0x08000357   Thumb Code     0  memcpya.o(.text)
    __aeabi_memset                           0x0800037b   Thumb Code    14  memseta.o(.text)
    __aeabi_memset4                          0x0800037b   Thumb Code     0  memseta.o(.text)
    __aeabi_memset8                          0x0800037b   Thumb Code     0  memseta.o(.text)
    __aeabi_memclr                           0x08000389   Thumb Code     4  memseta.o(.text)
    __aeabi_memclr4                          0x08000389   Thumb Code     0  memseta.o(.text)
    __aeabi_memclr8                          0x08000389   Thumb Code     0  memseta.o(.text)
    _memset$wrapper                          0x0800038d   Thumb Code    18  memseta.o(.text)
    strlen                                   0x0800039f   Thumb Code    14  strlen.o(.text)
    __aeabi_uidiv                            0x080003ad   Thumb Code     0  uidiv.o(.text)
    __aeabi_uidivmod                         0x080003ad   Thumb Code    44  uidiv.o(.text)
    __aeabi_llsl                             0x080003d9   Thumb Code    30  llshl.o(.text)
    _ll_shift_l                              0x080003d9   Thumb Code     0  llshl.o(.text)
    __aeabi_llsr                             0x080003f7   Thumb Code    32  llushr.o(.text)
    _ll_ushift_r                             0x080003f7   Thumb Code     0  llushr.o(.text)
    __I$use$fp                               0x08000417   Thumb Code     0  iusefp.o(.text)
    __aeabi_dadd                             0x08000417   Thumb Code   322  dadd.o(.text)
    __aeabi_dsub                             0x08000559   Thumb Code     6  dadd.o(.text)
    __aeabi_drsub                            0x0800055f   Thumb Code     6  dadd.o(.text)
    __aeabi_dmul                             0x08000565   Thumb Code   228  dmul.o(.text)
    __aeabi_ddiv                             0x08000649   Thumb Code   222  ddiv.o(.text)
    __aeabi_d2ulz                            0x08000727   Thumb Code    48  dfixul.o(.text)
    __aeabi_cdrcmple                         0x08000759   Thumb Code    48  cdrcmple.o(.text)
    __scatterload                            0x08000789   Thumb Code    28  init.o(.text)
    __scatterload_rt2                        0x08000789   Thumb Code     0  init.o(.text)
    __aeabi_lasr                             0x080007ad   Thumb Code    36  llsshr.o(.text)
    _ll_sshift_r                             0x080007ad   Thumb Code     0  llsshr.o(.text)
    _double_round                            0x080007d1   Thumb Code    30  depilogue.o(.text)
    _double_epilogue                         0x080007ef   Thumb Code   156  depilogue.o(.text)
    BusFault_Handler                         0x0800088b   Thumb Code     2  stm32f7xx_it.o(i.BusFault_Handler)
    DebugMon_Handler                         0x080009d7   Thumb Code     2  stm32f7xx_it.o(i.DebugMon_Handler)
    FMC_SDRAM_Init                           0x080009d9   Thumb Code    94  stm32f7xx_ll_fmc.o(i.FMC_SDRAM_Init)
    FMC_SDRAM_ProgramRefreshRate             0x08000a37   Thumb Code    12  stm32f7xx_ll_fmc.o(i.FMC_SDRAM_ProgramRefreshRate)
    FMC_SDRAM_SendCommand                    0x08000a43   Thumb Code    32  stm32f7xx_ll_fmc.o(i.FMC_SDRAM_SendCommand)
    FMC_SDRAM_Timing_Init                    0x08000a65   Thumb Code   134  stm32f7xx_ll_fmc.o(i.FMC_SDRAM_Timing_Init)
    GetDefaultConfiguration                  0x08000af1   Thumb Code    22  cdc_configuration.o(i.GetDefaultConfiguration)
    HAL_DMA_Abort_IT                         0x08000b11   Thumb Code    36  stm32f7xx_hal_dma.o(i.HAL_DMA_Abort_IT)
    HAL_Delay                                0x08000b35   Thumb Code    32  stm32f7xx_hal.o(i.HAL_Delay)
    HAL_GPIO_Init                            0x08000b59   Thumb Code   418  stm32f7xx_hal_gpio.o(i.HAL_GPIO_Init)
    HAL_GPIO_ReadPin                         0x08000d31   Thumb Code    10  stm32f7xx_hal_gpio.o(i.HAL_GPIO_ReadPin)
    HAL_GPIO_WritePin                        0x08000d3b   Thumb Code    10  stm32f7xx_hal_gpio.o(i.HAL_GPIO_WritePin)
    HAL_GetTick                              0x08000d45   Thumb Code     6  stm32f7xx_hal.o(i.HAL_GetTick)
    HAL_HCD_Connect_Callback                 0x08000d51   Thumb Code     8  usbh_conf.o(i.HAL_HCD_Connect_Callback)
    HAL_HCD_Disconnect_Callback              0x08000d59   Thumb Code     8  usbh_conf.o(i.HAL_HCD_Disconnect_Callback)
    HAL_HCD_GetCurrentFrame                  0x08000d61   Thumb Code     6  stm32f7xx_hal_hcd.o(i.HAL_HCD_GetCurrentFrame)
    HAL_HCD_GetCurrentSpeed                  0x08000d67   Thumb Code     6  stm32f7xx_hal_hcd.o(i.HAL_HCD_GetCurrentSpeed)
    HAL_HCD_HC_GetURBState                   0x08000d6d   Thumb Code    14  stm32f7xx_hal_hcd.o(i.HAL_HCD_HC_GetURBState)
    HAL_HCD_HC_GetXferCount                  0x08000d7b   Thumb Code    12  stm32f7xx_hal_hcd.o(i.HAL_HCD_HC_GetXferCount)
    HAL_HCD_HC_Halt                          0x08000d87   Thumb Code    36  stm32f7xx_hal_hcd.o(i.HAL_HCD_HC_Halt)
    HAL_HCD_HC_Init                          0x08000dab   Thumb Code   110  stm32f7xx_hal_hcd.o(i.HAL_HCD_HC_Init)
    HAL_HCD_HC_NotifyURBChange_Callback      0x08000e19   Thumb Code     8  usbh_conf.o(i.HAL_HCD_HC_NotifyURBChange_Callback)
    HAL_HCD_HC_SubmitRequest                 0x08000e21   Thumb Code   148  stm32f7xx_hal_hcd.o(i.HAL_HCD_HC_SubmitRequest)
    HAL_HCD_IRQHandler                       0x08000eb5   Thumb Code   302  stm32f7xx_hal_hcd.o(i.HAL_HCD_IRQHandler)
    HAL_HCD_Init                             0x08000fe3   Thumb Code    90  stm32f7xx_hal_hcd.o(i.HAL_HCD_Init)
    HAL_HCD_MspInit                          0x0800103d   Thumb Code   130  usbh_conf.o(i.HAL_HCD_MspInit)
    HAL_HCD_PortDisabled_Callback            0x080010c9   Thumb Code     8  usbh_conf.o(i.HAL_HCD_PortDisabled_Callback)
    HAL_HCD_PortEnabled_Callback             0x080010d1   Thumb Code     8  usbh_conf.o(i.HAL_HCD_PortEnabled_Callback)
    HAL_HCD_ResetPort                        0x080010d9   Thumb Code     6  stm32f7xx_hal_hcd.o(i.HAL_HCD_ResetPort)
    HAL_HCD_SOF_Callback                     0x080010df   Thumb Code     8  usbh_conf.o(i.HAL_HCD_SOF_Callback)
    HAL_HCD_Start                            0x080010e7   Thumb Code    44  stm32f7xx_hal_hcd.o(i.HAL_HCD_Start)
    HAL_HCD_Stop                             0x08001113   Thumb Code    36  stm32f7xx_hal_hcd.o(i.HAL_HCD_Stop)
    HAL_IncTick                              0x08001139   Thumb Code    12  stm32f7xx_hal.o(i.HAL_IncTick)
    HAL_Init                                 0x08001149   Thumb Code    40  stm32f7xx_hal.o(i.HAL_Init)
    HAL_InitTick                             0x08001175   Thumb Code    54  stm32f7xx_hal.o(i.HAL_InitTick)
    HAL_MspInit                              0x080011b5   Thumb Code     2  stm32f7xx_hal_msp.o(i.HAL_MspInit)
    HAL_NVIC_EnableIRQ                       0x080011b7   Thumb Code    22  stm32f7xx_hal_cortex.o(i.HAL_NVIC_EnableIRQ)
    HAL_NVIC_SetPriority                     0x080011cd   Thumb Code    60  stm32f7xx_hal_cortex.o(i.HAL_NVIC_SetPriority)
    HAL_NVIC_SetPriorityGrouping             0x0800120d   Thumb Code    28  stm32f7xx_hal_cortex.o(i.HAL_NVIC_SetPriorityGrouping)
    HAL_PWREx_EnableOverDrive                0x08001231   Thumb Code   100  stm32f7xx_hal_pwr_ex.o(i.HAL_PWREx_EnableOverDrive)
    HAL_RCC_ClockConfig                      0x0800129d   Thumb Code   282  stm32f7xx_hal_rcc.o(i.HAL_RCC_ClockConfig)
    HAL_RCC_GetPCLK1Freq                     0x080013c9   Thumb Code    20  stm32f7xx_hal_rcc.o(i.HAL_RCC_GetPCLK1Freq)
    HAL_RCC_GetPCLK2Freq                     0x080013e9   Thumb Code    20  stm32f7xx_hal_rcc.o(i.HAL_RCC_GetPCLK2Freq)
    HAL_RCC_GetSysClockFreq                  0x08001409   Thumb Code    88  stm32f7xx_hal_rcc.o(i.HAL_RCC_GetSysClockFreq)
    HAL_RCC_OscConfig                        0x0800146d   Thumb Code   814  stm32f7xx_hal_rcc.o(i.HAL_RCC_OscConfig)
    HAL_SDRAM_Init                           0x080017a9   Thumb Code    66  stm32f7xx_hal_sdram.o(i.HAL_SDRAM_Init)
    HAL_SDRAM_MspInit                        0x080017ed   Thumb Code   188  sdram.o(i.HAL_SDRAM_MspInit)
    HAL_SDRAM_ProgramRefreshRate             0x080018c1   Thumb Code    34  stm32f7xx_hal_sdram.o(i.HAL_SDRAM_ProgramRefreshRate)
    HAL_SDRAM_SendCommand                    0x080018e5   Thumb Code    48  stm32f7xx_hal_sdram.o(i.HAL_SDRAM_SendCommand)
    HAL_SYSTICK_CLKSourceConfig              0x08001915   Thumb Code    24  stm32f7xx_hal_cortex.o(i.HAL_SYSTICK_CLKSourceConfig)
    HAL_SYSTICK_Config                       0x0800192d   Thumb Code    38  stm32f7xx_hal_cortex.o(i.HAL_SYSTICK_Config)
    HAL_UART_ErrorCallback                   0x08001953   Thumb Code     2  stm32f7xx_hal_uart.o(i.HAL_UART_ErrorCallback)
    HAL_UART_GetState                        0x08001955   Thumb Code    12  stm32f7xx_hal_uart.o(i.HAL_UART_GetState)
    HAL_UART_IRQHandler                      0x08001961   Thumb Code   372  stm32f7xx_hal_uart.o(i.HAL_UART_IRQHandler)
    HAL_UART_Init                            0x08001ad9   Thumb Code   106  stm32f7xx_hal_uart.o(i.HAL_UART_Init)
    HAL_UART_MspInit                         0x08001b45   Thumb Code   110  systemuartinit.o(i.HAL_UART_MspInit)
    HAL_UART_Receive_IT                      0x08001bc1   Thumb Code   142  stm32f7xx_hal_uart.o(i.HAL_UART_Receive_IT)
    HAL_UART_RxCpltCallback                  0x08001c51   Thumb Code    76  systemuartinit.o(i.HAL_UART_RxCpltCallback)
    HAL_UART_TxCpltCallback                  0x08001ca9   Thumb Code     2  stm32f7xx_hal_uart.o(i.HAL_UART_TxCpltCallback)
    HardFault_Handler                        0x08002235   Thumb Code     2  stm32f7xx_it.o(i.HardFault_Handler)
    IIC_Ack                                  0x08002239   Thumb Code    76  myiic.o(i.IIC_Ack)
    IIC_Init                                 0x08002289   Thumb Code    70  myiic.o(i.IIC_Init)
    IIC_NAck                                 0x080022d9   Thumb Code    76  myiic.o(i.IIC_NAck)
    IIC_Read_Byte                            0x08002329   Thumb Code   100  myiic.o(i.IIC_Read_Byte)
    IIC_Send_Byte                            0x08002391   Thumb Code   104  myiic.o(i.IIC_Send_Byte)
    IIC_Start                                0x080023fd   Thumb Code    76  myiic.o(i.IIC_Start)
    IIC_Stop                                 0x0800244d   Thumb Code    76  myiic.o(i.IIC_Stop)
    IIC_Wait_Ack                             0x0800249d   Thumb Code    94  myiic.o(i.IIC_Wait_Ack)
    MemManage_Handler                        0x080025b9   Thumb Code     2  stm32f7xx_it.o(i.MemManage_Handler)
    NMI_Handler                              0x080025bb   Thumb Code     2  stm32f7xx_it.o(i.NMI_Handler)
    OTG_FS_IRQHandler                        0x080025e1   Thumb Code     6  stm32f7xx_it.o(i.OTG_FS_IRQHandler)
    PCF8574_Init                             0x080025ed   Thumb Code    80  pcf8574.o(i.PCF8574_Init)
    PCF8574_ReadOneByte                      0x08002645   Thumb Code    32  pcf8574.o(i.PCF8574_ReadOneByte)
    PCF8574_WriteBit                         0x08002665   Thumb Code    34  pcf8574.o(i.PCF8574_WriteBit)
    PCF8574_WriteOneByte                     0x08002687   Thumb Code    42  pcf8574.o(i.PCF8574_WriteOneByte)
    SDRAM_Init                               0x080026b1   Thumb Code    84  sdram.o(i.SDRAM_Init)
    SDRAM_Initialization_Sequence            0x0800270d   Thumb Code    74  sdram.o(i.SDRAM_Initialization_Sequence)
    SDRAM_Send_Cmd                           0x0800275d   Thumb Code    50  sdram.o(i.SDRAM_Send_Cmd)
    SysTick_Handler                          0x08002aad   Thumb Code    22  systemdelay.o(i.SysTick_Handler)
    SystemCache_Enable                       0x08002ac5   Thumb Code   120  systemclockset.o(i.SystemCache_Enable)
    SystemClock_Config                       0x08002b45   Thumb Code   168  systemclockset.o(i.SystemClock_Config)
    SystemInit                               0x08002c49   Thumb Code    68  system_stm32f7xx.o(i.SystemInit)
    UART_AdvFeatureConfig                    0x08002c9d   Thumb Code   200  stm32f7xx_hal_uart.o(i.UART_AdvFeatureConfig)
    UART_CheckIdleState                      0x08002d65   Thumb Code    64  stm32f7xx_hal_uart.o(i.UART_CheckIdleState)
    UART_SetConfig                           0x08002e4d   Thumb Code   550  stm32f7xx_hal_uart.o(i.UART_SetConfig)
    UART_WaitOnFlagUntilTimeout              0x080030a5   Thumb Code   100  stm32f7xx_hal_uart.o(i.UART_WaitOnFlagUntilTimeout)
    USART1_IRQHandler                        0x08003109   Thumb Code    56  systemuartinit.o(i.USART1_IRQHandler)
    USBH_AllocPipe                           0x0800314d   Thumb Code    52  usbh_pipes.o(i.USBH_AllocPipe)
    USBH_BulkReceiveData                     0x08003181   Thumb Code    32  usbh_ioreq.o(i.USBH_BulkReceiveData)
    USBH_BulkSendData                        0x080031a1   Thumb Code    40  usbh_ioreq.o(i.USBH_BulkSendData)
    USBH_CDC_AttachInit                      0x080031c9   Thumb Code    36  usbh_ch340.o(i.USBH_CDC_AttachInit)
    USBH_CDC_GetAttachInit                   0x080031ed   Thumb Code    26  usbh_ch340.o(i.USBH_CDC_GetAttachInit)
    USBH_CDC_GetLastReceivedDataSize         0x08003207   Thumb Code    28  usbh_ch340.o(i.USBH_CDC_GetLastReceivedDataSize)
    USBH_CDC_GetLineCoding                   0x08003223   Thumb Code    34  usbh_ch340.o(i.USBH_CDC_GetLineCoding)
    USBH_CDC_LineCodingChanged               0x08003245   Thumb Code     2  cdc_configuration.o(i.USBH_CDC_LineCodingChanged)
    USBH_CDC_Receive                         0x08003247   Thumb Code    54  usbh_ch340.o(i.USBH_CDC_Receive)
    USBH_CDC_ReceiveCallback                 0x0800327d   Thumb Code   166  main.o(i.USBH_CDC_ReceiveCallback)
    USBH_CDC_SetLineCoding                   0x08003345   Thumb Code    38  usbh_ch340.o(i.USBH_CDC_SetLineCoding)
    USBH_CDC_Transmit                        0x0800336b   Thumb Code    54  usbh_ch340.o(i.USBH_CDC_Transmit)
    USBH_CDC_TransmitCallback                0x080033a1   Thumb Code     2  usbh_ch340.o(i.USBH_CDC_TransmitCallback)
    USBH_ClosePipe                           0x08003631   Thumb Code    10  usbh_pipes.o(i.USBH_ClosePipe)
    USBH_ClrFeature                          0x0800363b   Thumb Code    34  usbh_ctlreq.o(i.USBH_ClrFeature)
    USBH_CtlReceiveData                      0x0800365d   Thumb Code    30  usbh_ioreq.o(i.USBH_CtlReceiveData)
    USBH_CtlReq                              0x0800367d   Thumb Code   102  usbh_ctlreq.o(i.USBH_CtlReq)
    USBH_CtlSendData                         0x080036fd   Thumb Code    40  usbh_ioreq.o(i.USBH_CtlSendData)
    USBH_CtlSendSetup                        0x08003725   Thumb Code    30  usbh_ioreq.o(i.USBH_CtlSendSetup)
    USBH_Delay                               0x08003743   Thumb Code     4  usbh_conf.o(i.USBH_Delay)
    USBH_FindInterface                       0x08003747   Thumb Code    68  usbh_core.o(i.USBH_FindInterface)
    USBH_FreePipe                            0x0800378b   Thumb Code    24  usbh_pipes.o(i.USBH_FreePipe)
    USBH_GetDescriptor                       0x080037a3   Thumb Code    52  usbh_ctlreq.o(i.USBH_GetDescriptor)
    USBH_GetNextDesc                         0x080037d7   Thumb Code    14  usbh_ctlreq.o(i.USBH_GetNextDesc)
    USBH_Get_CfgDesc                         0x080037e5   Thumb Code    44  usbh_ctlreq.o(i.USBH_Get_CfgDesc)
    USBH_Get_DevDesc                         0x08003811   Thumb Code   146  usbh_ctlreq.o(i.USBH_Get_DevDesc)
    USBH_Get_StringDesc                      0x080038a3   Thumb Code    72  usbh_ctlreq.o(i.USBH_Get_StringDesc)
    USBH_Init                                0x08003d6d   Thumb Code   116  usbh_core.o(i.USBH_Init)
    USBH_LL_ClosePipe                        0x08003e05   Thumb Code    14  usbh_conf.o(i.USBH_LL_ClosePipe)
    USBH_LL_Connect                          0x08003e13   Thumb Code    56  usbh_core.o(i.USBH_LL_Connect)
    USBH_LL_Disconnect                       0x08003e4d   Thumb Code    80  usbh_core.o(i.USBH_LL_Disconnect)
    USBH_LL_DriverVBUS                       0x08003eb9   Thumb Code    28  usbh_conf.o(i.USBH_LL_DriverVBUS)
    USBH_LL_GetLastXferSize                  0x08003ed9   Thumb Code     8  usbh_conf.o(i.USBH_LL_GetLastXferSize)
    USBH_LL_GetSpeed                         0x08003ee1   Thumb Code    34  usbh_conf.o(i.USBH_LL_GetSpeed)
    USBH_LL_GetToggle                        0x08003f05   Thumb Code    28  usbh_conf.o(i.USBH_LL_GetToggle)
    USBH_LL_GetURBState                      0x08003f25   Thumb Code     8  usbh_conf.o(i.USBH_LL_GetURBState)
    USBH_LL_IncTimer                         0x08003f2d   Thumb Code    30  usbh_core.o(i.USBH_LL_IncTimer)
    USBH_LL_Init                             0x08003f4d   Thumb Code    72  usbh_conf.o(i.USBH_LL_Init)
    USBH_LL_NotifyURBChange                  0x08003f99   Thumb Code    18  usbh_core.o(i.USBH_LL_NotifyURBChange)
    USBH_LL_OpenPipe                         0x08003fab   Thumb Code    24  usbh_conf.o(i.USBH_LL_OpenPipe)
    USBH_LL_PortDisabled                     0x08003fc3   Thumb Code     8  usbh_core.o(i.USBH_LL_PortDisabled)
    USBH_LL_PortEnabled                      0x08003fcb   Thumb Code     8  usbh_core.o(i.USBH_LL_PortEnabled)
    USBH_LL_ResetPort                        0x08003fd3   Thumb Code    14  usbh_conf.o(i.USBH_LL_ResetPort)
    USBH_LL_SetTimer                         0x08003fe1   Thumb Code     6  usbh_core.o(i.USBH_LL_SetTimer)
    USBH_LL_SetToggle                        0x08003fe9   Thumb Code    30  usbh_conf.o(i.USBH_LL_SetToggle)
    USBH_LL_Start                            0x0800400d   Thumb Code    14  usbh_conf.o(i.USBH_LL_Start)
    USBH_LL_Stop                             0x0800401b   Thumb Code    14  usbh_conf.o(i.USBH_LL_Stop)
    USBH_LL_SubmitURB                        0x08004029   Thumb Code    32  usbh_conf.o(i.USBH_LL_SubmitURB)
    USBH_MSC_BOT_Init                        0x08004069   Thumb Code    28  usbh_msc_bot.o(i.USBH_MSC_BOT_Init)
    USBH_MSC_BOT_Process                     0x0800408d   Thumb Code   506  usbh_msc_bot.o(i.USBH_MSC_BOT_Process)
    USBH_MSC_BOT_REQ_GetMaxLUN               0x0800428d   Thumb Code    28  usbh_msc_bot.o(i.USBH_MSC_BOT_REQ_GetMaxLUN)
    USBH_MSC_BOT_REQ_Reset                   0x080042a9   Thumb Code    22  usbh_msc_bot.o(i.USBH_MSC_BOT_REQ_Reset)
    USBH_MSC_SCSI_Inquiry                    0x08004a29   Thumb Code   198  usbh_msc_scsi.o(i.USBH_MSC_SCSI_Inquiry)
    USBH_MSC_SCSI_ReadCapacity               0x08004aef   Thumb Code   122  usbh_msc_scsi.o(i.USBH_MSC_SCSI_ReadCapacity)
    USBH_MSC_SCSI_RequestSense               0x08004b69   Thumb Code   150  usbh_msc_scsi.o(i.USBH_MSC_SCSI_RequestSense)
    USBH_MSC_SCSI_TestUnitReady              0x08004bff   Thumb Code    78  usbh_msc_scsi.o(i.USBH_MSC_SCSI_TestUnitReady)
    USBH_OpenPipe                            0x08004c51   Thumb Code    20  usbh_pipes.o(i.USBH_OpenPipe)
    USBH_Process                             0x08004d51   Thumb Code   546  usbh_core.o(i.USBH_Process)
    USBH_RegisterClass                       0x080050cd   Thumb Code    68  usbh_core.o(i.USBH_RegisterClass)
    USBH_SelectInterface                     0x08005151   Thumb Code   120  usbh_core.o(i.USBH_SelectInterface)
    USBH_SetAddress                          0x08005245   Thumb Code    28  usbh_ctlreq.o(i.USBH_SetAddress)
    USBH_SetCfg                              0x08005261   Thumb Code    28  usbh_ctlreq.o(i.USBH_SetCfg)
    USBH_Start                               0x0800527d   Thumb Code    20  usbh_core.o(i.USBH_Start)
    USB_CoreInit                             0x08005311   Thumb Code   106  stm32f7xx_ll_usb.o(i.USB_CoreInit)
    USB_DisableGlobalInt                     0x080053b9   Thumb Code    12  stm32f7xx_ll_usb.o(i.USB_DisableGlobalInt)
    USB_DoPing                               0x080053c5   Thumb Code    30  stm32f7xx_ll_usb.o(i.USB_DoPing)
    USB_DriveVbus                            0x080053e9   Thumb Code    44  stm32f7xx_ll_usb.o(i.USB_DriveVbus)
    USB_EnableGlobalInt                      0x08005415   Thumb Code    12  stm32f7xx_ll_usb.o(i.USB_EnableGlobalInt)
    USB_FlushRxFifo                          0x08005421   Thumb Code    28  stm32f7xx_ll_usb.o(i.USB_FlushRxFifo)
    USB_FlushTxFifo                          0x08005441   Thumb Code    32  stm32f7xx_ll_usb.o(i.USB_FlushTxFifo)
    USB_GetCurrentFrame                      0x08005465   Thumb Code     8  stm32f7xx_ll_usb.o(i.USB_GetCurrentFrame)
    USB_GetHostSpeed                         0x0800546d   Thumb Code    14  stm32f7xx_ll_usb.o(i.USB_GetHostSpeed)
    USB_GetMode                              0x0800547b   Thumb Code     8  stm32f7xx_ll_usb.o(i.USB_GetMode)
    USB_HC_Halt                              0x08005483   Thumb Code   202  stm32f7xx_ll_usb.o(i.USB_HC_Halt)
    USB_HC_Init                              0x0800554d   Thumb Code   230  stm32f7xx_ll_usb.o(i.USB_HC_Init)
    USB_HC_ReadInterrupt                     0x08005633   Thumb Code     8  stm32f7xx_ll_usb.o(i.USB_HC_ReadInterrupt)
    USB_HC_StartXfer                         0x0800563d   Thumb Code   352  stm32f7xx_ll_usb.o(i.USB_HC_StartXfer)
    USB_HostInit                             0x080057a1   Thumb Code   176  stm32f7xx_ll_usb.o(i.USB_HostInit)
    USB_InitFSLSPClkSel                      0x08005865   Thumb Code    56  stm32f7xx_ll_usb.o(i.USB_InitFSLSPClkSel)
    USB_ReadInterrupts                       0x0800589d   Thumb Code     8  stm32f7xx_ll_usb.o(i.USB_ReadInterrupts)
    USB_ReadPacket                           0x080058a5   Thumb Code    30  stm32f7xx_ll_usb.o(i.USB_ReadPacket)
    USB_ResetPort                            0x080058c3   Thumb Code    50  stm32f7xx_ll_usb.o(i.USB_ResetPort)
    USB_SetCurrentMode                       0x080058f5   Thumb Code    44  stm32f7xx_ll_usb.o(i.USB_SetCurrentMode)
    USB_StopHost                             0x08005921   Thumb Code   132  stm32f7xx_ll_usb.o(i.USB_StopHost)
    USB_WritePacket                          0x080059a5   Thumb Code    44  stm32f7xx_ll_usb.o(i.USB_WritePacket)
    UsageFault_Handler                       0x080059d1   Thumb Code     2  stm32f7xx_it.o(i.UsageFault_Handler)
    __0printf                                0x080059d5   Thumb Code    22  printfa.o(i.__0printf)
    __1printf                                0x080059d5   Thumb Code     0  printfa.o(i.__0printf)
    __2printf                                0x080059d5   Thumb Code     0  printfa.o(i.__0printf)
    __c89printf                              0x080059d5   Thumb Code     0  printfa.o(i.__0printf)
    printf                                   0x080059d5   Thumb Code     0  printfa.o(i.__0printf)
    __0snprintf                              0x080059f5   Thumb Code    44  printfa.o(i.__0snprintf)
    __1snprintf                              0x080059f5   Thumb Code     0  printfa.o(i.__0snprintf)
    __2snprintf                              0x080059f5   Thumb Code     0  printfa.o(i.__0snprintf)
    __c89snprintf                            0x080059f5   Thumb Code     0  printfa.o(i.__0snprintf)
    snprintf                                 0x080059f5   Thumb Code     0  printfa.o(i.__0snprintf)
    __0vprintf                               0x08005a25   Thumb Code     8  printfa.o(i.__0vprintf)
    __1vprintf                               0x08005a25   Thumb Code     0  printfa.o(i.__0vprintf)
    __2vprintf                               0x08005a25   Thumb Code     0  printfa.o(i.__0vprintf)
    __c89vprintf                             0x08005a25   Thumb Code     0  printfa.o(i.__0vprintf)
    vprintf                                  0x08005a25   Thumb Code     0  printfa.o(i.__0vprintf)
    __scatterload_copy                       0x08005a35   Thumb Code    14  handlers.o(i.__scatterload_copy)
    __scatterload_null                       0x08005a43   Thumb Code     2  handlers.o(i.__scatterload_null)
    __scatterload_zeroinit                   0x08005a45   Thumb Code    14  handlers.o(i.__scatterload_zeroinit)
    delay_init                               0x08006535   Thumb Code    50  systemdelay.o(i.delay_init)
    delay_ms                                 0x0800656d   Thumb Code    52  systemdelay.o(i.delay_ms)
    delay_us                                 0x080065a5   Thumb Code    48  systemdelay.o(i.delay_us)
    fputc                                    0x080065d9   Thumb Code    14  systemuartinit.o(i.fputc)
    free                                     0x080065ed   Thumb Code    76  malloc.o(i.free)
    main                                     0x08006649   Thumb Code   196  main.o(i.main)
    malloc                                   0x0800673d   Thumb Code    92  malloc.o(i.malloc)
    osDelay                                  0x080067a9   Thumb Code    14  cmsis_os.o(i.osDelay)
    osKernelStart                            0x080067b7   Thumb Code    10  cmsis_os.o(i.osKernelStart)
    osMessageCreate                          0x080067c1   Thumb Code    10  cmsis_os.o(i.osMessageCreate)
    osMessageGet                             0x080067cd   Thumb Code   144  cmsis_os.o(i.osMessageGet)
    osMessagePut                             0x08006861   Thumb Code    88  cmsis_os.o(i.osMessagePut)
    osThreadCreate                           0x080068bd   Thumb Code    46  cmsis_os.o(i.osThreadCreate)
    printlog                                 0x080068ed   Thumb Code    30  systemlog.o(i.printlog)
    pvPortMalloc                             0x08007015   Thumb Code   148  heap_4.o(i.pvPortMalloc)
    pxPortInitialiseStack                    0x080070ad   Thumb Code    42  port.o(i.pxPortInitialiseStack)
    uart_init                                0x080070dd   Thumb Code    44  systemuartinit.o(i.uart_init)
    uxListRemove                             0x08007115   Thumb Code    38  list.o(i.uxListRemove)
    vListInitialise                          0x0800713b   Thumb Code    22  list.o(i.vListInitialise)
    vListInitialiseItem                      0x08007151   Thumb Code     6  list.o(i.vListInitialiseItem)
    vListInsert                              0x08007157   Thumb Code    48  list.o(i.vListInsert)
    vListInsertEnd                           0x08007187   Thumb Code    24  list.o(i.vListInsertEnd)
    vPortEnterCritical                       0x080071a1   Thumb Code    28  port.o(i.vPortEnterCritical)
    vPortExitCritical                        0x080071c1   Thumb Code    16  port.o(i.vPortExitCritical)
    vPortFree                                0x080071d5   Thumb Code    58  heap_4.o(i.vPortFree)
    vPortSetupTimerInterrupt                 0x08007215   Thumb Code    32  port.o(i.vPortSetupTimerInterrupt)
    vQueueAddToRegistry                      0x08007239   Thumb Code    34  queue.o(i.vQueueAddToRegistry)
    vQueueWaitForMessageRestricted           0x08007261   Thumb Code    68  queue.o(i.vQueueWaitForMessageRestricted)
    vTaskDelay                               0x080072a5   Thumb Code    44  tasks.o(i.vTaskDelay)
    vTaskInternalSetTimeOutState             0x080072d5   Thumb Code    12  tasks.o(i.vTaskInternalSetTimeOutState)
    vTaskMissedYield                         0x080072e5   Thumb Code     8  tasks.o(i.vTaskMissedYield)
    vTaskPlaceOnEventList                    0x080072f1   Thumb Code    26  tasks.o(i.vTaskPlaceOnEventList)
    vTaskPlaceOnEventListRestricted          0x08007311   Thumb Code    34  tasks.o(i.vTaskPlaceOnEventListRestricted)
    vTaskStartScheduler                      0x08007339   Thumb Code    78  tasks.o(i.vTaskStartScheduler)
    vTaskSuspendAll                          0x08007399   Thumb Code    10  tasks.o(i.vTaskSuspendAll)
    vTaskSwitchContext                       0x080073a9   Thumb Code    60  tasks.o(i.vTaskSwitchContext)
    xPortStartScheduler                      0x080073ed   Thumb Code    52  port.o(i.xPortStartScheduler)
    xPortSysTickHandler                      0x0800742d   Thumb Code    42  port.o(i.xPortSysTickHandler)
    xQueueGenericCreate                      0x0800745d   Thumb Code    68  queue.o(i.xQueueGenericCreate)
    xQueueGenericReset                       0x080074a1   Thumb Code   118  queue.o(i.xQueueGenericReset)
    xQueueGenericSend                        0x0800751d   Thumb Code   256  queue.o(i.xQueueGenericSend)
    xQueueGenericSendFromISR                 0x08007621   Thumb Code   124  queue.o(i.xQueueGenericSendFromISR)
    xQueueReceive                            0x0800769d   Thumb Code   236  queue.o(i.xQueueReceive)
    xQueueReceiveFromISR                     0x0800778d   Thumb Code   106  queue.o(i.xQueueReceiveFromISR)
    xTaskCheckForTimeOut                     0x080077f9   Thumb Code    80  tasks.o(i.xTaskCheckForTimeOut)
    xTaskCreate                              0x0800784d   Thumb Code    86  tasks.o(i.xTaskCreate)
    xTaskGetSchedulerState                   0x080078a5   Thumb Code    22  tasks.o(i.xTaskGetSchedulerState)
    xTaskGetTickCount                        0x080078c1   Thumb Code     6  tasks.o(i.xTaskGetTickCount)
    xTaskIncrementTick                       0x080078cd   Thumb Code   170  tasks.o(i.xTaskIncrementTick)
    xTaskPriorityDisinherit                  0x08007981   Thumb Code   106  tasks.o(i.xTaskPriorityDisinherit)
    xTaskRemoveFromEventList                 0x080079f5   Thumb Code    92  tasks.o(i.xTaskRemoveFromEventList)
    xTaskResumeAll                           0x08007a59   Thumb Code   168  tasks.o(i.xTaskResumeAll)
    xTimerCreateTimerTask                    0x08007b0d   Thumb Code    44  timers.o(i.xTimerCreateTimerTask)
    xTimerGenericCommand                     0x08007b49   Thumb Code    74  timers.o(i.xTimerGenericCommand)
    AHBPrescTable                            0x08007c88   Data          16  system_stm32f7xx.o(.constdata)
    APBPrescTable                            0x08007c98   Data           8  system_stm32f7xx.o(.constdata)
    Region$$Table$$Base                      0x08007d1c   Number         0  anon$$obj.o(Region$$Table)
    Region$$Table$$Limit                     0x08007d3c   Number         0  anon$$obj.o(Region$$Table)
    uwTickFreq                               0x20020000   Data           1  stm32f7xx_hal.o(.data)
    uwTickPrio                               0x20020004   Data           4  stm32f7xx_hal.o(.data)
    uwTick                                   0x20020008   Data           4  stm32f7xx_hal.o(.data)
    aRxBuffer                                0x20020014   Data           1  systemuartinit.o(.data)
    USART_RX_STA                             0x20020016   Data           2  systemuartinit.o(.data)
    __stdout                                 0x20020018   Data           4  systemuartinit.o(.data)
    USBH_msc                                 0x20020024   Data          32  usbh_msc.o(.data)
    Appli_state                              0x20020044   Data           1  main.o(.data)
    rx_total_num                             0x20020048   Data           4  main.o(.data)
    tx_total_num                             0x2002004c   Data           4  main.o(.data)
    AppliEvent                               0x20020050   Data           4  main.o(.data)
    SystemCoreClock                          0x20020054   Data           4  system_stm32f7xx.o(.data)
    pxCurrentTCB                             0x20020068   Data           4  tasks.o(.data)
    CH340_Class                              0x200200d4   Data          32  usbh_ch340.o(.data)
    __microlib_freelist                      0x200200f4   Data           4  mvars.o(.data)
    __microlib_freelist_initialised          0x200200f8   Data           4  mvars.o(.data)
    USART_RX_BUF                             0x200200fc   Data         200  systemuartinit.o(.bss)
    UART1_Handler                            0x200201c4   Data         112  systemuartinit.o(.bss)
    hhcd                                     0x20020234   Data         664  usbh_conf.o(.bss)
    hUSBHost                                 0x200204cc   Data         728  main.o(.bss)
    recv_buf                                 0x200207a4   Data         513  main.o(.bss)
    log_buf                                  0x200209a8   Data          16  main.o(.bss)
    xQueueRegistry                           0x200209b8   Data          64  queue.o(.bss)
    SDRAM_Handler                            0x2002c2e8   Data          52  sdram.o(.bss)
    __heap_base                              0x2002c320   Data           0  startup_stm32f767xx.o(HEAP)
    __heap_limit                             0x2002c520   Data           0  startup_stm32f767xx.o(HEAP)
    __initial_sp                             0x2002c920   Data           0  startup_stm32f767xx.o(STACK)



==============================================================================

Memory Map of the image

  Image Entry point : 0x080001f9

  Load Region LR_IROM1 (Base: 0x08000000, Size: 0x00007e38, Max: 0x00100000, ABSOLUTE)

    Execution Region ER_IROM1 (Base: 0x08000000, Size: 0x00007d3c, Max: 0x00100000, ABSOLUTE)

    Base Addr    Size         Type   Attr      Idx    E Section Name        Object

    0x08000000   0x000001f8   Data   RO            3    RESET               startup_stm32f767xx.o
    0x080001f8   0x00000000   Code   RO        14664  * .ARM.Collect$$$$00000000  mc_w.l(entry.o)
    0x080001f8   0x00000004   Code   RO        14968    .ARM.Collect$$$$00000001  mc_w.l(entry2.o)
    0x080001fc   0x00000004   Code   RO        14971    .ARM.Collect$$$$00000004  mc_w.l(entry5.o)
    0x08000200   0x00000000   Code   RO        14973    .ARM.Collect$$$$00000008  mc_w.l(entry7b.o)
    0x08000200   0x00000000   Code   RO        14975    .ARM.Collect$$$$0000000A  mc_w.l(entry8b.o)
    0x08000200   0x00000008   Code   RO        14976    .ARM.Collect$$$$0000000B  mc_w.l(entry9a.o)
    0x08000208   0x00000000   Code   RO        14978    .ARM.Collect$$$$0000000D  mc_w.l(entry10a.o)
    0x08000208   0x00000000   Code   RO        14980    .ARM.Collect$$$$0000000F  mc_w.l(entry11a.o)
    0x08000208   0x00000004   Code   RO        14969    .ARM.Collect$$$$00002712  mc_w.l(entry2.o)
    0x0800020c   0x000000c2   Code   RO        14259    .emb_text           port.o
    0x080002ce   0x00000002   PAD
    0x080002d0   0x00000024   Code   RO            4    .text               startup_stm32f767xx.o
    0x080002f4   0x00000062   Code   RO        14667    .text               mc_w.l(uldiv.o)
    0x08000356   0x00000024   Code   RO        14669    .text               mc_w.l(memcpya.o)
    0x0800037a   0x00000024   Code   RO        14671    .text               mc_w.l(memseta.o)
    0x0800039e   0x0000000e   Code   RO        14673    .text               mc_w.l(strlen.o)
    0x080003ac   0x0000002c   Code   RO        14982    .text               mc_w.l(uidiv.o)
    0x080003d8   0x0000001e   Code   RO        14984    .text               mc_w.l(llshl.o)
    0x080003f6   0x00000020   Code   RO        14986    .text               mc_w.l(llushr.o)
    0x08000416   0x00000000   Code   RO        14990    .text               mc_w.l(iusefp.o)
    0x08000416   0x0000014e   Code   RO        14991    .text               mf_w.l(dadd.o)
    0x08000564   0x000000e4   Code   RO        14993    .text               mf_w.l(dmul.o)
    0x08000648   0x000000de   Code   RO        14995    .text               mf_w.l(ddiv.o)
    0x08000726   0x00000030   Code   RO        14997    .text               mf_w.l(dfixul.o)
    0x08000756   0x00000002   PAD
    0x08000758   0x00000030   Code   RO        14999    .text               mf_w.l(cdrcmple.o)
    0x08000788   0x00000024   Code   RO        15001    .text               mc_w.l(init.o)
    0x080007ac   0x00000024   Code   RO        15003    .text               mc_w.l(llsshr.o)
    0x080007d0   0x000000ba   Code   RO        15005    .text               mf_w.l(depilogue.o)
    0x0800088a   0x00000002   Code   RO        12526    i.BusFault_Handler  stm32f7xx_it.o
    0x0800088c   0x00000082   Code   RO        14515    i.CDC_ProcessReception  usbh_ch340.o
    0x0800090e   0x00000080   Code   RO        14516    i.CDC_ProcessTransmission  usbh_ch340.o
    0x0800098e   0x00000002   PAD
    0x08000990   0x00000046   Code   RO        10849    i.DeInitStateMachine  usbh_core.o
    0x080009d6   0x00000002   Code   RO        12527    i.DebugMon_Handler  stm32f7xx_it.o
    0x080009d8   0x0000005e   Code   RO         9810    i.FMC_SDRAM_Init    stm32f7xx_ll_fmc.o
    0x08000a36   0x0000000c   Code   RO         9811    i.FMC_SDRAM_ProgramRefreshRate  stm32f7xx_ll_fmc.o
    0x08000a42   0x00000020   Code   RO         9812    i.FMC_SDRAM_SendCommand  stm32f7xx_ll_fmc.o
    0x08000a62   0x00000002   PAD
    0x08000a64   0x0000008c   Code   RO         9814    i.FMC_SDRAM_Timing_Init  stm32f7xx_ll_fmc.o
    0x08000af0   0x00000020   Code   RO        12662    i.GetDefaultConfiguration  cdc_configuration.o
    0x08000b10   0x00000024   Code   RO         2143    i.HAL_DMA_Abort_IT  stm32f7xx_hal_dma.o
    0x08000b34   0x00000024   Code   RO           20    i.HAL_Delay         stm32f7xx_hal.o
    0x08000b58   0x000001d8   Code   RO         2834    i.HAL_GPIO_Init     stm32f7xx_hal_gpio.o
    0x08000d30   0x0000000a   Code   RO         2836    i.HAL_GPIO_ReadPin  stm32f7xx_hal_gpio.o
    0x08000d3a   0x0000000a   Code   RO         2838    i.HAL_GPIO_WritePin  stm32f7xx_hal_gpio.o
    0x08000d44   0x0000000c   Code   RO           30    i.HAL_GetTick       stm32f7xx_hal.o
    0x08000d50   0x00000008   Code   RO        11243    i.HAL_HCD_Connect_Callback  usbh_conf.o
    0x08000d58   0x00000008   Code   RO        11244    i.HAL_HCD_Disconnect_Callback  usbh_conf.o
    0x08000d60   0x00000006   Code   RO         2936    i.HAL_HCD_GetCurrentFrame  stm32f7xx_hal_hcd.o
    0x08000d66   0x00000006   Code   RO         2937    i.HAL_HCD_GetCurrentSpeed  stm32f7xx_hal_hcd.o
    0x08000d6c   0x0000000e   Code   RO         2940    i.HAL_HCD_HC_GetURBState  stm32f7xx_hal_hcd.o
    0x08000d7a   0x0000000c   Code   RO         2941    i.HAL_HCD_HC_GetXferCount  stm32f7xx_hal_hcd.o
    0x08000d86   0x00000024   Code   RO         2942    i.HAL_HCD_HC_Halt   stm32f7xx_hal_hcd.o
    0x08000daa   0x0000006e   Code   RO         2943    i.HAL_HCD_HC_Init   stm32f7xx_hal_hcd.o
    0x08000e18   0x00000008   Code   RO        11245    i.HAL_HCD_HC_NotifyURBChange_Callback  usbh_conf.o
    0x08000e20   0x00000094   Code   RO         2945    i.HAL_HCD_HC_SubmitRequest  stm32f7xx_hal_hcd.o
    0x08000eb4   0x0000012e   Code   RO         2946    i.HAL_HCD_IRQHandler  stm32f7xx_hal_hcd.o
    0x08000fe2   0x0000005a   Code   RO         2947    i.HAL_HCD_Init      stm32f7xx_hal_hcd.o
    0x0800103c   0x0000008c   Code   RO        11247    i.HAL_HCD_MspInit   usbh_conf.o
    0x080010c8   0x00000008   Code   RO        11248    i.HAL_HCD_PortDisabled_Callback  usbh_conf.o
    0x080010d0   0x00000008   Code   RO        11249    i.HAL_HCD_PortEnabled_Callback  usbh_conf.o
    0x080010d8   0x00000006   Code   RO         2952    i.HAL_HCD_ResetPort  stm32f7xx_hal_hcd.o
    0x080010de   0x00000008   Code   RO        11250    i.HAL_HCD_SOF_Callback  usbh_conf.o
    0x080010e6   0x0000002c   Code   RO         2954    i.HAL_HCD_Start     stm32f7xx_hal_hcd.o
    0x08001112   0x00000024   Code   RO         2955    i.HAL_HCD_Stop      stm32f7xx_hal_hcd.o
    0x08001136   0x00000002   PAD
    0x08001138   0x00000010   Code   RO           36    i.HAL_IncTick       stm32f7xx_hal.o
    0x08001148   0x0000002c   Code   RO           37    i.HAL_Init          stm32f7xx_hal.o
    0x08001174   0x00000040   Code   RO           38    i.HAL_InitTick      stm32f7xx_hal.o
    0x080011b4   0x00000002   Code   RO        12493    i.HAL_MspInit       stm32f7xx_hal_msp.o
    0x080011b6   0x00000016   Code   RO         1062    i.HAL_NVIC_EnableIRQ  stm32f7xx_hal_cortex.o
    0x080011cc   0x00000040   Code   RO         1068    i.HAL_NVIC_SetPriority  stm32f7xx_hal_cortex.o
    0x0800120c   0x00000024   Code   RO         1069    i.HAL_NVIC_SetPriorityGrouping  stm32f7xx_hal_cortex.o
    0x08001230   0x0000006c   Code   RO         5715    i.HAL_PWREx_EnableOverDrive  stm32f7xx_hal_pwr_ex.o
    0x0800129c   0x0000012c   Code   RO         6058    i.HAL_RCC_ClockConfig  stm32f7xx_hal_rcc.o
    0x080013c8   0x00000020   Code   RO         6065    i.HAL_RCC_GetPCLK1Freq  stm32f7xx_hal_rcc.o
    0x080013e8   0x00000020   Code   RO         6066    i.HAL_RCC_GetPCLK2Freq  stm32f7xx_hal_rcc.o
    0x08001408   0x00000064   Code   RO         6067    i.HAL_RCC_GetSysClockFreq  stm32f7xx_hal_rcc.o
    0x0800146c   0x0000033c   Code   RO         6070    i.HAL_RCC_OscConfig  stm32f7xx_hal_rcc.o
    0x080017a8   0x00000042   Code   RO         7216    i.HAL_SDRAM_Init    stm32f7xx_hal_sdram.o
    0x080017ea   0x00000002   PAD
    0x080017ec   0x000000d4   Code   RO        14344    i.HAL_SDRAM_MspInit  sdram.o
    0x080018c0   0x00000022   Code   RO         7219    i.HAL_SDRAM_ProgramRefreshRate  stm32f7xx_hal_sdram.o
    0x080018e2   0x00000002   PAD
    0x080018e4   0x00000030   Code   RO         7225    i.HAL_SDRAM_SendCommand  stm32f7xx_hal_sdram.o
    0x08001914   0x00000018   Code   RO         1071    i.HAL_SYSTICK_CLKSourceConfig  stm32f7xx_hal_cortex.o
    0x0800192c   0x00000026   Code   RO         1073    i.HAL_SYSTICK_Config  stm32f7xx_hal_cortex.o
    0x08001952   0x00000002   Code   RO         9237    i.HAL_UART_ErrorCallback  stm32f7xx_hal_uart.o
    0x08001954   0x0000000c   Code   RO         9239    i.HAL_UART_GetState  stm32f7xx_hal_uart.o
    0x08001960   0x00000178   Code   RO         9240    i.HAL_UART_IRQHandler  stm32f7xx_hal_uart.o
    0x08001ad8   0x0000006a   Code   RO         9241    i.HAL_UART_Init     stm32f7xx_hal_uart.o
    0x08001b42   0x00000002   PAD
    0x08001b44   0x0000007c   Code   RO        10684    i.HAL_UART_MspInit  systemuartinit.o
    0x08001bc0   0x0000008e   Code   RO         9246    i.HAL_UART_Receive_IT  stm32f7xx_hal_uart.o
    0x08001c4e   0x00000002   PAD
    0x08001c50   0x00000058   Code   RO        10685    i.HAL_UART_RxCpltCallback  systemuartinit.o
    0x08001ca8   0x00000002   Code   RO         9252    i.HAL_UART_TxCpltCallback  stm32f7xx_hal_uart.o
    0x08001caa   0x0000022c   Code   RO         2956    i.HCD_HC_IN_IRQHandler  stm32f7xx_hal_hcd.o
    0x08001ed6   0x00000232   Code   RO         2957    i.HCD_HC_OUT_IRQHandler  stm32f7xx_hal_hcd.o
    0x08002108   0x000000b8   Code   RO         2958    i.HCD_Port_IRQHandler  stm32f7xx_hal_hcd.o
    0x080021c0   0x00000074   Code   RO         2959    i.HCD_RXQLVL_IRQHandler  stm32f7xx_hal_hcd.o
    0x08002234   0x00000002   Code   RO        12528    i.HardFault_Handler  stm32f7xx_it.o
    0x08002236   0x00000002   PAD
    0x08002238   0x00000050   Code   RO        14449    i.IIC_Ack           myiic.o
    0x08002288   0x00000050   Code   RO        14450    i.IIC_Init          myiic.o
    0x080022d8   0x00000050   Code   RO        14451    i.IIC_NAck          myiic.o
    0x08002328   0x00000068   Code   RO        14452    i.IIC_Read_Byte     myiic.o
    0x08002390   0x0000006c   Code   RO        14453    i.IIC_Send_Byte     myiic.o
    0x080023fc   0x00000050   Code   RO        14454    i.IIC_Start         myiic.o
    0x0800244c   0x00000050   Code   RO        14455    i.IIC_Stop          myiic.o
    0x0800249c   0x00000064   Code   RO        14456    i.IIC_Wait_Ack      myiic.o
    0x08002500   0x0000007c   Code   RO        12406    i.LED_Task          main.o
    0x0800257c   0x0000003c   Code   RO        12407    i.LOG_Task          main.o
    0x080025b8   0x00000002   Code   RO        12529    i.MemManage_Handler  stm32f7xx_it.o
    0x080025ba   0x00000002   Code   RO        12530    i.NMI_Handler       stm32f7xx_it.o
    0x080025bc   0x00000022   Code   RO         1075    i.NVIC_SetPriority  stm32f7xx_hal_cortex.o
    0x080025de   0x00000002   PAD
    0x080025e0   0x0000000c   Code   RO        12531    i.OTG_FS_IRQHandler  stm32f7xx_it.o
    0x080025ec   0x00000058   Code   RO        14402    i.PCF8574_Init      pcf8574.o
    0x08002644   0x00000020   Code   RO        14404    i.PCF8574_ReadOneByte  pcf8574.o
    0x08002664   0x00000022   Code   RO        14405    i.PCF8574_WriteBit  pcf8574.o
    0x08002686   0x0000002a   Code   RO        14406    i.PCF8574_WriteOneByte  pcf8574.o
    0x080026b0   0x0000005c   Code   RO        14345    i.SDRAM_Init        sdram.o
    0x0800270c   0x00000050   Code   RO        14346    i.SDRAM_Initialization_Sequence  sdram.o
    0x0800275c   0x00000038   Code   RO        14347    i.SDRAM_Send_Cmd    sdram.o
    0x08002794   0x00000134   Code   RO        14517    i.SetLineCoding     usbh_ch340.o
    0x080028c8   0x000001e4   Code   RO        12408    i.StartThread       main.o
    0x08002aac   0x00000016   Code   RO        10774    i.SysTick_Handler   systemdelay.o
    0x08002ac2   0x00000002   PAD
    0x08002ac4   0x00000080   Code   RO        10606    i.SystemCache_Enable  systemclockset.o
    0x08002b44   0x00000104   Code   RO        10607    i.SystemClock_Config  systemclockset.o
    0x08002c48   0x00000054   Code   RO        12591    i.SystemInit        system_stm32f7xx.o
    0x08002c9c   0x000000c8   Code   RO         9254    i.UART_AdvFeatureConfig  stm32f7xx_hal_uart.o
    0x08002d64   0x00000040   Code   RO         9255    i.UART_CheckIdleState  stm32f7xx_hal_uart.o
    0x08002da4   0x00000014   Code   RO         9256    i.UART_DMAAbortOnError  stm32f7xx_hal_uart.o
    0x08002db8   0x0000001c   Code   RO         9262    i.UART_EndRxTransfer  stm32f7xx_hal_uart.o
    0x08002dd4   0x00000078   Code   RO         9264    i.UART_Receive_IT   stm32f7xx_hal_uart.o
    0x08002e4c   0x00000258   Code   RO         9265    i.UART_SetConfig    stm32f7xx_hal_uart.o
    0x080030a4   0x00000064   Code   RO         9266    i.UART_WaitOnFlagUntilTimeout  stm32f7xx_hal_uart.o
    0x08003108   0x00000044   Code   RO        10686    i.USART1_IRQHandler  systemuartinit.o
    0x0800314c   0x00000034   Code   RO        11201    i.USBH_AllocPipe    usbh_pipes.o
    0x08003180   0x00000020   Code   RO        11129    i.USBH_BulkReceiveData  usbh_ioreq.o
    0x080031a0   0x00000028   Code   RO        11130    i.USBH_BulkSendData  usbh_ioreq.o
    0x080031c8   0x00000024   Code   RO        14518    i.USBH_CDC_AttachInit  usbh_ch340.o
    0x080031ec   0x0000001a   Code   RO        14519    i.USBH_CDC_GetAttachInit  usbh_ch340.o
    0x08003206   0x0000001c   Code   RO        14520    i.USBH_CDC_GetLastReceivedDataSize  usbh_ch340.o
    0x08003222   0x00000022   Code   RO        14521    i.USBH_CDC_GetLineCoding  usbh_ch340.o
    0x08003244   0x00000002   Code   RO        12663    i.USBH_CDC_LineCodingChanged  cdc_configuration.o
    0x08003246   0x00000036   Code   RO        14523    i.USBH_CDC_Receive  usbh_ch340.o
    0x0800327c   0x000000c8   Code   RO        12409    i.USBH_CDC_ReceiveCallback  main.o
    0x08003344   0x00000026   Code   RO        14525    i.USBH_CDC_SetLineCoding  usbh_ch340.o
    0x0800336a   0x00000036   Code   RO        14527    i.USBH_CDC_Transmit  usbh_ch340.o
    0x080033a0   0x00000002   Code   RO        14528    i.USBH_CDC_TransmitCallback  usbh_ch340.o
    0x080033a2   0x0000002a   Code   RO        14529    i.USBH_CH340_ClassRequest  usbh_ch340.o
    0x080033cc   0x0000005e   Code   RO        14530    i.USBH_CH340_InterfaceDeInit  usbh_ch340.o
    0x0800342a   0x0000011c   Code   RO        14531    i.USBH_CH340_InterfaceInit  usbh_ch340.o
    0x08003546   0x00000002   PAD
    0x08003548   0x000000e4   Code   RO        14532    i.USBH_CH340_Process  usbh_ch340.o
    0x0800362c   0x00000004   Code   RO        14533    i.USBH_CH340_SOFProcess  usbh_ch340.o
    0x08003630   0x0000000a   Code   RO        11202    i.USBH_ClosePipe    usbh_pipes.o
    0x0800363a   0x00000022   Code   RO        11040    i.USBH_ClrFeature   usbh_ctlreq.o
    0x0800365c   0x0000001e   Code   RO        11131    i.USBH_CtlReceiveData  usbh_ioreq.o
    0x0800367a   0x00000002   PAD
    0x0800367c   0x00000080   Code   RO        11041    i.USBH_CtlReq       usbh_ctlreq.o
    0x080036fc   0x00000028   Code   RO        11132    i.USBH_CtlSendData  usbh_ioreq.o
    0x08003724   0x0000001e   Code   RO        11133    i.USBH_CtlSendSetup  usbh_ioreq.o
    0x08003742   0x00000004   Code   RO        11251    i.USBH_Delay        usbh_conf.o
    0x08003746   0x00000044   Code   RO        10851    i.USBH_FindInterface  usbh_core.o
    0x0800378a   0x00000018   Code   RO        11203    i.USBH_FreePipe     usbh_pipes.o
    0x080037a2   0x00000034   Code   RO        11042    i.USBH_GetDescriptor  usbh_ctlreq.o
    0x080037d6   0x0000000e   Code   RO        11043    i.USBH_GetNextDesc  usbh_ctlreq.o
    0x080037e4   0x0000002c   Code   RO        11044    i.USBH_Get_CfgDesc  usbh_ctlreq.o
    0x08003810   0x00000092   Code   RO        11045    i.USBH_Get_DevDesc  usbh_ctlreq.o
    0x080038a2   0x00000048   Code   RO        11046    i.USBH_Get_StringDesc  usbh_ctlreq.o
    0x080038ea   0x00000002   PAD
    0x080038ec   0x000001d8   Code   RO        11047    i.USBH_HandleControl  usbh_ctlreq.o
    0x08003ac4   0x000002a8   Code   RO        10854    i.USBH_HandleEnum   usbh_core.o
    0x08003d6c   0x00000098   Code   RO        10855    i.USBH_Init         usbh_core.o
    0x08003e04   0x0000000e   Code   RO        11252    i.USBH_LL_ClosePipe  usbh_conf.o
    0x08003e12   0x00000038   Code   RO        10857    i.USBH_LL_Connect   usbh_core.o
    0x08003e4a   0x00000002   PAD
    0x08003e4c   0x0000006c   Code   RO        10858    i.USBH_LL_Disconnect  usbh_core.o
    0x08003eb8   0x00000020   Code   RO        11254    i.USBH_LL_DriverVBUS  usbh_conf.o
    0x08003ed8   0x00000008   Code   RO        11255    i.USBH_LL_GetLastXferSize  usbh_conf.o
    0x08003ee0   0x00000022   Code   RO        11256    i.USBH_LL_GetSpeed  usbh_conf.o
    0x08003f02   0x00000002   PAD
    0x08003f04   0x00000020   Code   RO        11257    i.USBH_LL_GetToggle  usbh_conf.o
    0x08003f24   0x00000008   Code   RO        11258    i.USBH_LL_GetURBState  usbh_conf.o
    0x08003f2c   0x0000001e   Code   RO        10859    i.USBH_LL_IncTimer  usbh_core.o
    0x08003f4a   0x00000002   PAD
    0x08003f4c   0x0000004c   Code   RO        11259    i.USBH_LL_Init      usbh_conf.o
    0x08003f98   0x00000012   Code   RO        10860    i.USBH_LL_NotifyURBChange  usbh_core.o
    0x08003faa   0x00000018   Code   RO        11260    i.USBH_LL_OpenPipe  usbh_conf.o
    0x08003fc2   0x00000008   Code   RO        10861    i.USBH_LL_PortDisabled  usbh_core.o
    0x08003fca   0x00000008   Code   RO        10862    i.USBH_LL_PortEnabled  usbh_core.o
    0x08003fd2   0x0000000e   Code   RO        11261    i.USBH_LL_ResetPort  usbh_conf.o
    0x08003fe0   0x00000006   Code   RO        10863    i.USBH_LL_SetTimer  usbh_core.o
    0x08003fe6   0x00000002   PAD
    0x08003fe8   0x00000024   Code   RO        11262    i.USBH_LL_SetToggle  usbh_conf.o
    0x0800400c   0x0000000e   Code   RO        11263    i.USBH_LL_Start     usbh_conf.o
    0x0800401a   0x0000000e   Code   RO        11264    i.USBH_LL_Stop      usbh_conf.o
    0x08004028   0x00000020   Code   RO        11265    i.USBH_LL_SubmitURB  usbh_conf.o
    0x08004048   0x00000020   Code   RO        11505    i.USBH_MSC_BOT_Abort  usbh_msc_bot.o
    0x08004068   0x00000024   Code   RO        11506    i.USBH_MSC_BOT_Init  usbh_msc_bot.o
    0x0800408c   0x00000200   Code   RO        11507    i.USBH_MSC_BOT_Process  usbh_msc_bot.o
    0x0800428c   0x0000001c   Code   RO        11508    i.USBH_MSC_BOT_REQ_GetMaxLUN  usbh_msc_bot.o
    0x080042a8   0x00000016   Code   RO        11509    i.USBH_MSC_BOT_REQ_Reset  usbh_msc_bot.o
    0x080042be   0x00000002   PAD
    0x080042c0   0x0000009c   Code   RO        11408    i.USBH_MSC_ClassRequest  usbh_msc.o
    0x0800435c   0x0000004a   Code   RO        11411    i.USBH_MSC_InterfaceDeInit  usbh_msc.o
    0x080043a6   0x0000014c   Code   RO        11412    i.USBH_MSC_InterfaceInit  usbh_msc.o
    0x080044f2   0x00000002   PAD
    0x080044f4   0x00000534   Code   RO        11414    i.USBH_MSC_Process  usbh_msc.o
    0x08004a28   0x000000c6   Code   RO        11556    i.USBH_MSC_SCSI_Inquiry  usbh_msc_scsi.o
    0x08004aee   0x0000007a   Code   RO        11558    i.USBH_MSC_SCSI_ReadCapacity  usbh_msc_scsi.o
    0x08004b68   0x00000096   Code   RO        11559    i.USBH_MSC_SCSI_RequestSense  usbh_msc_scsi.o
    0x08004bfe   0x0000004e   Code   RO        11560    i.USBH_MSC_SCSI_TestUnitReady  usbh_msc_scsi.o
    0x08004c4c   0x00000004   Code   RO        11417    i.USBH_MSC_SOFProcess  usbh_msc.o
    0x08004c50   0x00000014   Code   RO        11204    i.USBH_OpenPipe     usbh_pipes.o
    0x08004c64   0x000000ea   Code   RO        11048    i.USBH_ParseCfgDesc  usbh_ctlreq.o
    0x08004d4e   0x00000002   PAD
    0x08004d50   0x00000358   Code   RO        10864    i.USBH_Process      usbh_core.o
    0x080050a8   0x00000022   Code   RO        10865    i.USBH_Process_OS   usbh_core.o
    0x080050ca   0x00000002   PAD
    0x080050cc   0x00000084   Code   RO        10867    i.USBH_RegisterClass  usbh_core.o
    0x08005150   0x000000f4   Code   RO        10868    i.USBH_SelectInterface  usbh_core.o
    0x08005244   0x0000001c   Code   RO        11049    i.USBH_SetAddress   usbh_ctlreq.o
    0x08005260   0x0000001c   Code   RO        11050    i.USBH_SetCfg       usbh_ctlreq.o
    0x0800527c   0x00000014   Code   RO        10869    i.USBH_Start        usbh_core.o
    0x08005290   0x00000080   Code   RO        12410    i.USBH_UserProcess  main.o
    0x08005310   0x00000070   Code   RO        10243    i.USB_CoreInit      stm32f7xx_ll_usb.o
    0x08005380   0x00000038   Code   RO        10244    i.USB_CoreReset     stm32f7xx_ll_usb.o
    0x080053b8   0x0000000c   Code   RO        10250    i.USB_DisableGlobalInt  stm32f7xx_ll_usb.o
    0x080053c4   0x00000024   Code   RO        10251    i.USB_DoPing        stm32f7xx_ll_usb.o
    0x080053e8   0x0000002c   Code   RO        10252    i.USB_DriveVbus     stm32f7xx_ll_usb.o
    0x08005414   0x0000000c   Code   RO        10258    i.USB_EnableGlobalInt  stm32f7xx_ll_usb.o
    0x08005420   0x00000020   Code   RO        10259    i.USB_FlushRxFifo   stm32f7xx_ll_usb.o
    0x08005440   0x00000024   Code   RO        10260    i.USB_FlushTxFifo   stm32f7xx_ll_usb.o
    0x08005464   0x00000008   Code   RO        10261    i.USB_GetCurrentFrame  stm32f7xx_ll_usb.o
    0x0800546c   0x0000000e   Code   RO        10263    i.USB_GetHostSpeed  stm32f7xx_ll_usb.o
    0x0800547a   0x00000008   Code   RO        10264    i.USB_GetMode       stm32f7xx_ll_usb.o
    0x08005482   0x000000ca   Code   RO        10265    i.USB_HC_Halt       stm32f7xx_ll_usb.o
    0x0800554c   0x000000e6   Code   RO        10266    i.USB_HC_Init       stm32f7xx_ll_usb.o
    0x08005632   0x00000008   Code   RO        10267    i.USB_HC_ReadInterrupt  stm32f7xx_ll_usb.o
    0x0800563a   0x00000002   PAD
    0x0800563c   0x00000164   Code   RO        10268    i.USB_HC_StartXfer  stm32f7xx_ll_usb.o
    0x080057a0   0x000000c4   Code   RO        10269    i.USB_HostInit      stm32f7xx_ll_usb.o
    0x08005864   0x00000038   Code   RO        10270    i.USB_InitFSLSPClkSel  stm32f7xx_ll_usb.o
    0x0800589c   0x00000008   Code   RO        10275    i.USB_ReadInterrupts  stm32f7xx_ll_usb.o
    0x080058a4   0x0000001e   Code   RO        10276    i.USB_ReadPacket    stm32f7xx_ll_usb.o
    0x080058c2   0x00000032   Code   RO        10277    i.USB_ResetPort     stm32f7xx_ll_usb.o
    0x080058f4   0x0000002c   Code   RO        10278    i.USB_SetCurrentMode  stm32f7xx_ll_usb.o
    0x08005920   0x00000084   Code   RO        10282    i.USB_StopHost      stm32f7xx_ll_usb.o
    0x080059a4   0x0000002c   Code   RO        10283    i.USB_WritePacket   stm32f7xx_ll_usb.o
    0x080059d0   0x00000002   Code   RO        12532    i.UsageFault_Handler  stm32f7xx_it.o
    0x080059d2   0x00000002   PAD
    0x080059d4   0x00000020   Code   RO        14912    i.__0printf         mc_w.l(printfa.o)
    0x080059f4   0x00000030   Code   RO        14913    i.__0snprintf       mc_w.l(printfa.o)
    0x08005a24   0x00000010   Code   RO        14916    i.__0vprintf        mc_w.l(printfa.o)
    0x08005a34   0x0000000e   Code   RO        15009    i.__scatterload_copy  mc_w.l(handlers.o)
    0x08005a42   0x00000002   Code   RO        15010    i.__scatterload_null  mc_w.l(handlers.o)
    0x08005a44   0x0000000e   Code   RO        15011    i.__scatterload_zeroinit  mc_w.l(handlers.o)
    0x08005a52   0x00000002   PAD
    0x08005a54   0x00000184   Code   RO        14919    i._fp_digits        mc_w.l(printfa.o)
    0x08005bd8   0x000006dc   Code   RO        14920    i._printf_core      mc_w.l(printfa.o)
    0x080062b4   0x00000024   Code   RO        14921    i._printf_post_padding  mc_w.l(printfa.o)
    0x080062d8   0x0000002e   Code   RO        14922    i._printf_pre_padding  mc_w.l(printfa.o)
    0x08006306   0x00000016   Code   RO        14923    i._snputc           mc_w.l(printfa.o)
    0x0800631c   0x0000010c   Code   RO        14534    i.ch34x_attach      usbh_ch340.o
    0x08006428   0x00000088   Code   RO        14535    i.ch34x_get_baud_rate  usbh_ch340.o
    0x080064b0   0x00000064   Code   RO        14536    i.ch34x_vendor_read  usbh_ch340.o
    0x08006514   0x00000020   Code   RO        14537    i.ch34x_vendor_write  usbh_ch340.o
    0x08006534   0x00000038   Code   RO        10775    i.delay_init        systemdelay.o
    0x0800656c   0x00000038   Code   RO        10776    i.delay_ms          systemdelay.o
    0x080065a4   0x00000034   Code   RO        10777    i.delay_us          systemdelay.o
    0x080065d8   0x00000014   Code   RO        10688    i.fputc             systemuartinit.o
    0x080065ec   0x00000050   Code   RO        14940    i.free              mc_w.l(malloc.o)
    0x0800663c   0x0000000c   Code   RO        13829    i.inHandlerMode     cmsis_os.o
    0x08006648   0x000000e4   Code   RO        12411    i.main              main.o
    0x0800672c   0x0000000e   Code   RO        13831    i.makeFreeRtosPriority  cmsis_os.o
    0x0800673a   0x00000002   PAD
    0x0800673c   0x0000006c   Code   RO        14941    i.malloc            mc_w.l(malloc.o)
    0x080067a8   0x0000000e   Code   RO        13833    i.osDelay           cmsis_os.o
    0x080067b6   0x0000000a   Code   RO        13836    i.osKernelStart     cmsis_os.o
    0x080067c0   0x0000000a   Code   RO        13845    i.osMessageCreate   cmsis_os.o
    0x080067ca   0x00000002   PAD
    0x080067cc   0x00000094   Code   RO        13847    i.osMessageGet      cmsis_os.o
    0x08006860   0x0000005c   Code   RO        13849    i.osMessagePut      cmsis_os.o
    0x080068bc   0x0000002e   Code   RO        13870    i.osThreadCreate    cmsis_os.o
    0x080068ea   0x00000002   PAD
    0x080068ec   0x00000034   Code   RO        10647    i.printlog          systemlog.o
    0x08006920   0x00000070   Code   RO        13327    i.prvAddCurrentTaskToDelayedList  tasks.o
    0x08006990   0x000000d0   Code   RO        13328    i.prvAddNewTaskToReadyList  tasks.o
    0x08006a60   0x00000050   Code   RO        13690    i.prvCheckForValidListAndQueue  timers.o
    0x08006ab0   0x00000026   Code   RO        12916    i.prvCopyDataFromQueue  queue.o
    0x08006ad6   0x0000006c   Code   RO        12917    i.prvCopyDataToQueue  queue.o
    0x08006b42   0x00000014   Code   RO        13329    i.prvDeleteTCB      tasks.o
    0x08006b56   0x00000002   PAD
    0x08006b58   0x00000050   Code   RO        14198    i.prvHeapInit       heap_4.o
    0x08006ba8   0x00000060   Code   RO        13330    i.prvIdleTask       tasks.o
    0x08006c08   0x0000008a   Code   RO        13331    i.prvInitialiseNewTask  tasks.o
    0x08006c92   0x00000002   PAD
    0x08006c94   0x0000004c   Code   RO        14199    i.prvInsertBlockIntoFreeList  heap_4.o
    0x08006ce0   0x0000003c   Code   RO        13691    i.prvInsertTimerInActiveList  timers.o
    0x08006d1c   0x0000001c   Code   RO        12918    i.prvIsQueueEmpty   queue.o
    0x08006d38   0x00000044   Code   RO        12919    i.prvNotifyQueueSetContainer  queue.o
    0x08006d7c   0x000000a4   Code   RO        13692    i.prvProcessReceivedCommands  timers.o
    0x08006e20   0x000000a4   Code   RO        13693    i.prvProcessTimerOrBlockTask  timers.o
    0x08006ec4   0x00000020   Code   RO        13333    i.prvResetNextTaskUnblockTime  tasks.o
    0x08006ee4   0x00000028   Code   RO        13694    i.prvSampleTimeNow  timers.o
    0x08006f0c   0x00000058   Code   RO        13695    i.prvSwitchTimerLists  timers.o
    0x08006f64   0x00000014   Code   RO        14260    i.prvTaskExitError  port.o
    0x08006f78   0x00000024   Code   RO        13696    i.prvTimerTask      timers.o
    0x08006f9c   0x00000078   Code   RO        12920    i.prvUnlockQueue    queue.o
    0x08007014   0x00000098   Code   RO        14200    i.pvPortMalloc      heap_4.o
    0x080070ac   0x00000030   Code   RO        14261    i.pxPortInitialiseStack  port.o
    0x080070dc   0x00000038   Code   RO        10689    i.uart_init         systemuartinit.o
    0x08007114   0x00000026   Code   RO        12864    i.uxListRemove      list.o
    0x0800713a   0x00000016   Code   RO        12865    i.vListInitialise   list.o
    0x08007150   0x00000006   Code   RO        12866    i.vListInitialiseItem  list.o
    0x08007156   0x00000030   Code   RO        12867    i.vListInsert       list.o
    0x08007186   0x00000018   Code   RO        12868    i.vListInsertEnd    list.o
    0x0800719e   0x00000002   PAD
    0x080071a0   0x00000020   Code   RO        14263    i.vPortEnterCritical  port.o
    0x080071c0   0x00000014   Code   RO        14264    i.vPortExitCritical  port.o
    0x080071d4   0x00000040   Code   RO        14201    i.vPortFree         heap_4.o
    0x08007214   0x00000024   Code   RO        14265    i.vPortSetupTimerInterrupt  port.o
    0x08007238   0x00000028   Code   RO        12926    i.vQueueAddToRegistry  queue.o
    0x08007260   0x00000044   Code   RO        12930    i.vQueueWaitForMessageRestricted  queue.o
    0x080072a4   0x00000030   Code   RO        13343    i.vTaskDelay        tasks.o
    0x080072d4   0x00000010   Code   RO        13348    i.vTaskInternalSetTimeOutState  tasks.o
    0x080072e4   0x0000000c   Code   RO        13350    i.vTaskMissedYield  tasks.o
    0x080072f0   0x00000020   Code   RO        13352    i.vTaskPlaceOnEventList  tasks.o
    0x08007310   0x00000028   Code   RO        13353    i.vTaskPlaceOnEventListRestricted  tasks.o
    0x08007338   0x00000060   Code   RO        13361    i.vTaskStartScheduler  tasks.o
    0x08007398   0x00000010   Code   RO        13363    i.vTaskSuspendAll   tasks.o
    0x080073a8   0x00000044   Code   RO        13364    i.vTaskSwitchContext  tasks.o
    0x080073ec   0x00000040   Code   RO        14266    i.xPortStartScheduler  port.o
    0x0800742c   0x00000030   Code   RO        14267    i.xPortSysTickHandler  port.o
    0x0800745c   0x00000044   Code   RO        12935    i.xQueueGenericCreate  queue.o
    0x080074a0   0x0000007c   Code   RO        12936    i.xQueueGenericReset  queue.o
    0x0800751c   0x00000104   Code   RO        12937    i.xQueueGenericSend  queue.o
    0x08007620   0x0000007c   Code   RO        12938    i.xQueueGenericSendFromISR  queue.o
    0x0800769c   0x000000f0   Code   RO        12945    i.xQueueReceive     queue.o
    0x0800778c   0x0000006a   Code   RO        12946    i.xQueueReceiveFromISR  queue.o
    0x080077f6   0x00000002   PAD
    0x080077f8   0x00000054   Code   RO        13365    i.xTaskCheckForTimeOut  tasks.o
    0x0800784c   0x00000056   Code   RO        13366    i.xTaskCreate       tasks.o
    0x080078a2   0x00000002   PAD
    0x080078a4   0x0000001c   Code   RO        13370    i.xTaskGetSchedulerState  tasks.o
    0x080078c0   0x0000000c   Code   RO        13371    i.xTaskGetTickCount  tasks.o
    0x080078cc   0x000000b4   Code   RO        13373    i.xTaskIncrementTick  tasks.o
    0x08007980   0x00000074   Code   RO        13376    i.xTaskPriorityDisinherit  tasks.o
    0x080079f4   0x00000064   Code   RO        13378    i.xTaskRemoveFromEventList  tasks.o
    0x08007a58   0x000000b4   Code   RO        13379    i.xTaskResumeAll    tasks.o
    0x08007b0c   0x0000003c   Code   RO        13702    i.xTimerCreateTimerTask  timers.o
    0x08007b48   0x00000050   Code   RO        13703    i.xTimerGenericCommand  timers.o
    0x08007b98   0x00000013   Data   RO        10608    .constdata          systemclockset.o
    0x08007bab   0x00000001   PAD
    0x08007bac   0x00000039   Data   RO        10871    .constdata          usbh_core.o
    0x08007be5   0x0000001f   Data   RO        11052    .constdata          usbh_ctlreq.o
    0x08007c04   0x00000084   Data   RO        12413    .constdata          main.o
    0x08007c88   0x00000010   Data   RO        12592    .constdata          system_stm32f7xx.o
    0x08007c98   0x00000008   Data   RO        12593    .constdata          system_stm32f7xx.o
    0x08007ca0   0x00000040   Data   RO        14538    .constdata          usbh_ch340.o
    0x08007ce0   0x0000000c   Data   RO        10872    .conststring        usbh_core.o
    0x08007cec   0x00000004   Data   RO        11420    .conststring        usbh_msc.o
    0x08007cf0   0x00000021   Data   RO        12414    .conststring        main.o
    0x08007d11   0x00000003   PAD
    0x08007d14   0x00000006   Data   RO        14539    .conststring        usbh_ch340.o
    0x08007d1a   0x00000002   PAD
    0x08007d1c   0x00000020   Data   RO        15007    Region$$Table       anon$$obj.o


    Execution Region RW_IRAM2 (Base: 0x20000000, Size: 0x00000000, Max: 0x00020000, ABSOLUTE)

    **** No section assigned to this execution region ****


    Execution Region RW_IRAM1 (Base: 0x20020000, Size: 0x0000c920, Max: 0x00060000, ABSOLUTE)

    Base Addr    Size         Type   Attr      Idx    E Section Name        Object

    0x20020000   0x0000000c   Data   RW           44    .data               stm32f7xx_hal.o
    0x2002000c   0x00000008   Data   RW        10284    .data               stm32f7xx_ll_usb.o
    0x20020014   0x00000004   Data   RW        10691    .data               systemuartinit.o
    0x20020018   0x00000004   Data   RW        10692    .data               systemuartinit.o
    0x2002001c   0x00000008   Data   RW        10779    .data               systemdelay.o
    0x20020024   0x00000020   Data   RW        11421    .data               usbh_msc.o
    0x20020044   0x00000010   Data   RW        12415    .data               main.o
    0x20020054   0x00000004   Data   RW        12594    .data               system_stm32f7xx.o
    0x20020058   0x00000010   Data   RW        12679    .data               cdc_configuration.o
    0x20020068   0x0000003c   Data   RW        13382    .data               tasks.o
    0x200200a4   0x00000014   Data   RW        13711    .data               timers.o
    0x200200b8   0x00000018   Data   RW        14206    .data               heap_4.o
    0x200200d0   0x00000004   Data   RW        14268    .data               port.o
    0x200200d4   0x00000020   Data   RW        14540    .data               usbh_ch340.o
    0x200200f4   0x00000004   Data   RW        14988    .data               mc_w.l(mvars.o)
    0x200200f8   0x00000004   Data   RW        14989    .data               mc_w.l(mvars.o)
    0x200200fc   0x00000138   Zero   RW        10690    .bss                systemuartinit.o
    0x20020234   0x00000298   Zero   RW        11266    .bss                usbh_conf.o
    0x200204cc   0x000004ec   Zero   RW        12412    .bss                main.o
    0x200209b8   0x00000040   Zero   RW        12952    .bss                queue.o
    0x200209f8   0x000000c8   Zero   RW        13381    .bss                tasks.o
    0x20020ac0   0x00000028   Zero   RW        13710    .bss                timers.o
    0x20020ae8   0x0000b800   Zero   RW        14205    .bss                heap_4.o
    0x2002c2e8   0x00000034   Zero   RW        14348    .bss                sdram.o
    0x2002c31c   0x00000004   PAD
    0x2002c320   0x00000200   Zero   RW            2    HEAP                startup_stm32f767xx.o
    0x2002c520   0x00000400   Zero   RW            1    STACK               startup_stm32f767xx.o


==============================================================================

Image component sizes


      Code (inc. data)   RO Data    RW Data    ZI Data      Debug   Object Name

        34         10          0         16          0       4783   cdc_configuration.o
       346          8          0          0          0      14073   cmsis_os.o
         0          0          0          0          0        476   diskio.o
         0          0          0          0          0       9216   event_groups.o
       372         24          0         24      47104       3835   heap_4.o
       138          0          0          0          0       3082   list.o
      1224        310        165         16       1260      15332   main.o
       712         40          0          0          0       4882   myiic.o
       196          8          0          0          0       2813   pcf8574.o
       462         52          0          4          0       9376   port.o
      1392         20          0          0         64      14129   queue.o
       440         44          0          0         52       3290   sdram.o
        36          8        504          0       1536        844   startup_stm32f767xx.o
       172         28          0         12          0     842133   stm32f7xx_hal.o
       218         12          0          0          0      35685   stm32f7xx_hal_cortex.o
        36          0          0          0          0       1091   stm32f7xx_hal_dma.o
       492         54          0          0          0       2991   stm32f7xx_hal_gpio.o
      2228          6          0          0          0      12549   stm32f7xx_hal_hcd.o
         2          0          0          0          0        446   stm32f7xx_hal_msp.o
       108          8          0          0          0       1140   stm32f7xx_hal_pwr_ex.o
      1292         68          0          0          0       4764   stm32f7xx_hal_rcc.o
       148          0          0          0          0       2484   stm32f7xx_hal_sdram.o
      1772         74          0          0          0      10148   stm32f7xx_hal_uart.o
        24          6          0          0          0       3129   stm32f7xx_it.o
       278          6          0          0          0       3088   stm32f7xx_ll_fmc.o
      1726         50          0          8          0      16533   stm32f7xx_ll_usb.o
        84         16         24          4          0       1167   system_stm32f7xx.o
       388        100         19          0          0      34617   systemclockset.o
       186         14          0          8          0       7857   systemdelay.o
        52         22          0          0          0       1271   systemlog.o
       356         56          0          8        312       9657   systemuartinit.o
      1720        154          0         60        200      26760   tasks.o
       772         84          0         20         40       8275   timers.o
      2026        230         70         32          0      22077   usbh_ch340.o
       530         28          0          0        664      13728   usbh_conf.o
      2490        798         69          0          0      30411   usbh_core.o
      1252         90         31          0          0       9776   usbh_ctlreq.o
       172          0          0          0          0       4204   usbh_ioreq.o
      1898        332          4         32          0       9875   usbh_msc.o
       630         26          0          0          0       6216   usbh_msc_bot.o
       548          0          0          0          0       4228   usbh_msc_scsi.o
       106          0          0          0          0       3222   usbh_pipes.o

    ----------------------------------------------------------------------
     27122       2786        924        244      51236    1215653   Object Totals
         0          0         32          0          0          0   (incl. Generated)
        64          0          6          0          4          0   (incl. Padding)

    ----------------------------------------------------------------------

      Code (inc. data)   RO Data    RW Data    ZI Data      Debug   Library Member Name

         0          0          0          0          0          0   entry.o
         0          0          0          0          0          0   entry10a.o
         0          0          0          0          0          0   entry11a.o
         8          4          0          0          0          0   entry2.o
         4          0          0          0          0          0   entry5.o
         0          0          0          0          0          0   entry7b.o
         0          0          0          0          0          0   entry8b.o
         8          4          0          0          0          0   entry9a.o
        30          0          0          0          0          0   handlers.o
        36          8          0          0          0         68   init.o
         0          0          0          0          0          0   iusefp.o
        30          0          0          0          0         68   llshl.o
        36          0          0          0          0         68   llsshr.o
        32          0          0          0          0         68   llushr.o
       188         20          0          0          0        160   malloc.o
        36          0          0          0          0         68   memcpya.o
        36          0          0          0          0        108   memseta.o
         0          0          0          8          0          0   mvars.o
      2344        102          0          0          0        672   printfa.o
        14          0          0          0          0         68   strlen.o
        44          0          0          0          0         80   uidiv.o
        98          0          0          0          0         92   uldiv.o
        48          0          0          0          0         68   cdrcmple.o
       334          0          0          0          0        148   dadd.o
       222          0          0          0          0        100   ddiv.o
       186          0          0          0          0        176   depilogue.o
        48          0          0          0          0         68   dfixul.o
       228          0          0          0          0         96   dmul.o

    ----------------------------------------------------------------------
      4014        138          0          8          0       2176   Library Totals
         4          0          0          0          0          0   (incl. Padding)

    ----------------------------------------------------------------------

      Code (inc. data)   RO Data    RW Data    ZI Data      Debug   Library Name

      2944        138          0          8          0       1520   mc_w.l
      1066          0          0          0          0        656   mf_w.l

    ----------------------------------------------------------------------
      4014        138          0          8          0       2176   Library Totals

    ----------------------------------------------------------------------

==============================================================================


      Code (inc. data)   RO Data    RW Data    ZI Data      Debug   

     31136       2924        924        252      51236    1189189   Grand Totals
     31136       2924        924        252      51236    1189189   ELF Image Totals
     31136       2924        924        252          0          0   ROM Totals

==============================================================================

    Total RO  Size (Code + RO Data)                32060 (  31.31kB)
    Total RW  Size (RW Data + ZI Data)             51488 (  50.28kB)
    Total ROM Size (Code + RO Data + RW Data)      32312 (  31.55kB)

==============================================================================

